Component: ARM Compiler 5.06 update 7 (build 960) Tool: armlink [4d3601]

==============================================================================

Section Cross References

    startup_stm32l431xx.o(RESET) refers to startup_stm32l431xx.o(STACK) for __initial_sp
    startup_stm32l431xx.o(RESET) refers to startup_stm32l431xx.o(.text) for Reset_Handler
    startup_stm32l431xx.o(RESET) refers to stm32l4xx_it.o(i.NMI_Handler) for NMI_Handler
    startup_stm32l431xx.o(RESET) refers to stm32l4xx_it.o(i.HardFault_Handler) for HardFault_Handler
    startup_stm32l431xx.o(RESET) refers to stm32l4xx_it.o(i.MemManage_Handler) for MemManage_Handler
    startup_stm32l431xx.o(RESET) refers to stm32l4xx_it.o(i.BusFault_Handler) for BusFault_Handler
    startup_stm32l431xx.o(RESET) refers to stm32l4xx_it.o(i.UsageFault_Handler) for UsageFault_Handler
    startup_stm32l431xx.o(RESET) refers to port.o(.emb_text) for SVC_Handler
    startup_stm32l431xx.o(RESET) refers to stm32l4xx_it.o(i.DebugMon_Handler) for DebugMon_Handler
    startup_stm32l431xx.o(RESET) refers to stm32l4xx_it.o(i.SysTick_Handler) for SysTick_Handler
    startup_stm32l431xx.o(RESET) refers to stm32l4xx_it.o(i.DMA1_Channel1_IRQHandler) for DMA1_Channel1_IRQHandler
    startup_stm32l431xx.o(RESET) refers to stm32l4xx_it.o(i.TIM2_IRQHandler) for TIM2_IRQHandler
    startup_stm32l431xx.o(RESET) refers to stm32l4xx_it.o(i.TIM7_IRQHandler) for TIM7_IRQHandler
    startup_stm32l431xx.o(.text) refers to system_stm32l4xx.o(i.SystemInit) for SystemInit
    startup_stm32l431xx.o(.text) refers to entry.o(.ARM.Collect$$$$00000000) for __main
    main.o(i.main) refers to stm32l4xx_hal.o(i.HAL_Init) for HAL_Init
    main.o(i.main) refers to clock.o(i.SystemClock_Config) for SystemClock_Config
    main.o(i.main) refers to adc.o(i.MX_DMA_Init) for MX_DMA_Init
    main.o(i.main) refers to adc.o(i.MX_ADC1_Init) for MX_ADC1_Init
    main.o(i.main) refers to dac.o(i.MX_DAC1_Init) for MX_DAC1_Init
    main.o(i.main) refers to timer.o(i.MX_TIM2_Init) for MX_TIM2_Init
    main.o(i.main) refers to timer.o(i.MX_TIM7_Init) for MX_TIM7_Init
    main.o(i.main) refers to stm32l4xx_hal_dac.o(i.HAL_DAC_Start) for HAL_DAC_Start
    main.o(i.main) refers to stm32l4xx_hal_dac.o(i.HAL_DAC_SetValue) for HAL_DAC_SetValue
    main.o(i.main) refers to gpio.o(i.MX_GPIO_Init) for MX_GPIO_Init
    main.o(i.main) refers to display.o(i.TM1620_Init) for TM1620_Init
    main.o(i.main) refers to cmsis_os2.o(i.osKernelInitialize) for osKernelInitialize
    main.o(i.main) refers to cmsis_os2.o(i.osThreadNew) for osThreadNew
    main.o(i.main) refers to stm32l4xx_hal_tim.o(i.HAL_TIM_Base_Start_IT) for HAL_TIM_Base_Start_IT
    main.o(i.main) refers to cmsis_os2.o(i.osKernelStart) for osKernelStart
    main.o(i.main) refers to main.o(.bss) for .bss
    main.o(i.main) refers to main.o(.constdata) for .constdata
    main.o(i.main) refers to manage_tasks.o(i.feedback_signals) for feedback_signals
    main.o(i.main) refers to main.o(.data) for .data
    main.o(i.main) refers to manage_tasks.o(i.process_gpio) for process_gpio
    main.o(i.main) refers to manage_tasks.o(i.process_welding) for process_welding
    main.o(.constdata) refers to main.o(.conststring) for .conststring
    stm32l4xx_it.o(i.DMA1_Channel1_IRQHandler) refers to stm32l4xx_hal_dma.o(i.HAL_DMA_IRQHandler) for HAL_DMA_IRQHandler
    stm32l4xx_it.o(i.DMA1_Channel1_IRQHandler) refers to main.o(.bss) for hdma_adc1
    stm32l4xx_it.o(i.SysTick_Handler) refers to stm32l4xx_hal.o(i.HAL_IncTick) for HAL_IncTick
    stm32l4xx_it.o(i.SysTick_Handler) refers to tasks.o(i.xTaskGetSchedulerState) for xTaskGetSchedulerState
    stm32l4xx_it.o(i.SysTick_Handler) refers to port.o(i.xPortSysTickHandler) for xPortSysTickHandler
    stm32l4xx_it.o(i.TIM2_IRQHandler) refers to stm32l4xx_hal_tim.o(i.HAL_TIM_IRQHandler) for HAL_TIM_IRQHandler
    stm32l4xx_it.o(i.TIM2_IRQHandler) refers to gpio.o(i.check_trigger) for check_trigger
    stm32l4xx_it.o(i.TIM2_IRQHandler) refers to gpio.o(i.check_current_on) for check_current_on
    stm32l4xx_it.o(i.TIM2_IRQHandler) refers to stm32l4xx_hal_gpio.o(i.HAL_GPIO_WritePin) for HAL_GPIO_WritePin
    stm32l4xx_it.o(i.TIM2_IRQHandler) refers to main.o(.bss) for htim2
    stm32l4xx_it.o(i.TIM2_IRQHandler) refers to gpio.o(.data) for switchSelectMode
    stm32l4xx_it.o(i.TIM2_IRQHandler) refers to stm32l4xx_it.o(.data) for .data
    stm32l4xx_it.o(i.TIM2_IRQHandler) refers to process.o(.data) for welding_ctig
    stm32l4xx_it.o(i.TIM2_IRQHandler) refers to adc.o(.data) for cycle
    stm32l4xx_it.o(i.TIM2_IRQHandler) refers to manage_tasks.o(.data) for show
    stm32l4xx_it.o(i.TIM7_IRQHandler) refers to stm32l4xx_hal_tim.o(i.HAL_TIM_IRQHandler) for HAL_TIM_IRQHandler
    stm32l4xx_it.o(i.TIM7_IRQHandler) refers to gpio.o(i.check_current_on) for check_current_on
    stm32l4xx_it.o(i.TIM7_IRQHandler) refers to stm32l4xx_hal_gpio.o(i.HAL_GPIO_WritePin) for HAL_GPIO_WritePin
[...]
    i.HAL_PWREx_ControlVoltageScaling        0x0800172c   Section        0  stm32l4xx_hal_pwr_ex.o(i.HAL_PWREx_ControlVoltageScaling)
    i.HAL_PWREx_GetVoltageRange              0x08001794   Section        0  stm32l4xx_hal_pwr_ex.o(i.HAL_PWREx_GetVoltageRange)
    i.HAL_RCCEx_PeriphCLKConfig              0x080017a4   Section        0  stm32l4xx_hal_rcc_ex.o(i.HAL_RCCEx_PeriphCLKConfig)
    i.HAL_RCC_ClockConfig                    0x08001a60   Section        0  stm32l4xx_hal_rcc.o(i.HAL_RCC_ClockConfig)
    i.HAL_RCC_GetSysClockFreq                0x08001b80   Section        0  stm32l4xx_hal_rcc.o(i.HAL_RCC_GetSysClockFreq)
    i.HAL_RCC_OscConfig                      0x08001c24   Section        0  stm32l4xx_hal_rcc.o(i.HAL_RCC_OscConfig)
    i.HAL_SPI_Init                           0x08002190   Section        0  stm32l4xx_hal_spi.o(i.HAL_SPI_Init)
    i.HAL_SPI_MspInit                        0x0800223c   Section        0  stm32l4xx_hal_msp.o(i.HAL_SPI_MspInit)
    i.HAL_SPI_Transmit                       0x080022a0   Section        0  stm32l4xx_hal_spi.o(i.HAL_SPI_Transmit)
    i.HAL_SYSTICK_Config                     0x08002424   Section        0  stm32l4xx_hal_cortex.o(i.HAL_SYSTICK_Config)
    i.HAL_TIMEx_Break2Callback               0x0800244c   Section        0  stm32l4xx_hal_tim_ex.o(i.HAL_TIMEx_Break2Callback)
    i.HAL_TIMEx_BreakCallback                0x0800244e   Section        0  stm32l4xx_hal_tim_ex.o(i.HAL_TIMEx_BreakCallback)
    i.HAL_TIMEx_CommutCallback               0x08002450   Section        0  stm32l4xx_hal_tim_ex.o(i.HAL_TIMEx_CommutCallback)
    i.HAL_TIMEx_MasterConfigSynchronization  0x08002454   Section        0  stm32l4xx_hal_tim_ex.o(i.HAL_TIMEx_MasterConfigSynchronization)
    i.HAL_TIM_Base_Init                      0x080024c0   Section        0  stm32l4xx_hal_tim.o(i.HAL_TIM_Base_Init)
    i.HAL_TIM_Base_MspInit                   0x080024f8   Section        0  stm32l4xx_hal_msp.o(i.HAL_TIM_Base_MspInit)
    i.HAL_TIM_Base_Start_IT                  0x0800255c   Section        0  stm32l4xx_hal_tim.o(i.HAL_TIM_Base_Start_IT)
    i.HAL_TIM_ConfigClockSource              0x08002588   Section        0  stm32l4xx_hal_tim.o(i.HAL_TIM_ConfigClockSource)
    i.HAL_TIM_IC_CaptureCallback             0x08002664   Section        0  stm32l4xx_hal_tim.o(i.HAL_TIM_IC_CaptureCallback)
    i.HAL_TIM_IRQHandler                     0x08002666   Section        0  stm32l4xx_hal_tim.o(i.HAL_TIM_IRQHandler)
    i.HAL_TIM_OC_DelayElapsedCallback        0x080027ea   Section        0  stm32l4xx_hal_tim.o(i.HAL_TIM_OC_DelayElapsedCallback)
    i.HAL_TIM_PWM_PulseFinishedCallback      0x080027ec   Section        0  stm32l4xx_hal_tim.o(i.HAL_TIM_PWM_PulseFinishedCallback)
    i.HAL_TIM_PeriodElapsedCallback          0x080027ee   Section        0  stm32l4xx_hal_tim.o(i.HAL_TIM_PeriodElapsedCallback)
    i.HAL_TIM_TriggerCallback                0x080027f0   Section        0  stm32l4xx_hal_tim.o(i.HAL_TIM_TriggerCallback)
    i.HardFault_Handler                      0x080027f2   Section        0  stm32l4xx_it.o(i.HardFault_Handler)
    i.LL_ADC_GetOffsetChannel                0x080027f4   Section        0  stm32l4xx_hal_adc.o(i.LL_ADC_GetOffsetChannel)
    LL_ADC_GetOffsetChannel                  0x080027f5   Thumb Code    12  stm32l4xx_hal_adc.o(i.LL_ADC_GetOffsetChannel)
    i.LL_ADC_INJ_IsConversionOngoing         0x08002800   Section        0  stm32l4xx_hal_adc.o(i.LL_ADC_INJ_IsConversionOngoing)
    LL_ADC_INJ_IsConversionOngoing           0x08002801   Thumb Code     8  stm32l4xx_hal_adc.o(i.LL_ADC_INJ_IsConversionOngoing)
    i.LL_ADC_REG_IsConversionOngoing         0x08002808   Section        0  stm32l4xx_hal_adc.o(i.LL_ADC_REG_IsConversionOngoing)
    LL_ADC_REG_IsConversionOngoing           0x08002809   Thumb Code     8  stm32l4xx_hal_adc.o(i.LL_ADC_REG_IsConversionOngoing)
    i.LL_ADC_REG_IsTriggerSourceSWStart      0x08002810   Section        0  stm32l4xx_hal_adc.o(i.LL_ADC_REG_IsTriggerSourceSWStart)
    LL_ADC_REG_IsTriggerSourceSWStart        0x08002811   Thumb Code    16  stm32l4xx_hal_adc.o(i.LL_ADC_REG_IsTriggerSourceSWStart)
    i.LL_ADC_SetChannelSamplingTime          0x08002820   Section        0  stm32l4xx_hal_adc.o(i.LL_ADC_SetChannelSamplingTime)
    LL_ADC_SetChannelSamplingTime            0x08002821   Thumb Code    30  stm32l4xx_hal_adc.o(i.LL_ADC_SetChannelSamplingTime)
    i.LL_ADC_SetOffsetState                  0x0800283e   Section        0  stm32l4xx_hal_adc.o(i.LL_ADC_SetOffsetState)
    LL_ADC_SetOffsetState                    0x0800283f   Thumb Code    16  stm32l4xx_hal_adc.o(i.LL_ADC_SetOffsetState)
    i.MX_ADC1_Init                           0x08002850   Section        0  adc.o(i.MX_ADC1_Init)
    i.MX_DAC1_Init                           0x08002934   Section        0  dac.o(i.MX_DAC1_Init)
    i.MX_DMA_Init                            0x0800297c   Section        0  adc.o(i.MX_DMA_Init)
    i.MX_GPIO_Init                           0x080029a8   Section        0  gpio.o(i.MX_GPIO_Init)
    i.MX_SPI1_Init                           0x08002b44   Section        0  display.o(i.MX_SPI1_Init)
    MX_SPI1_Init                             0x08002b45   Thumb Code    74  display.o(i.MX_SPI1_Init)
    i.MX_TIM2_Init                           0x08002b98   Section        0  timer.o(i.MX_TIM2_Init)
    i.MX_TIM7_Init                           0x08002bfc   Section        0  timer.o(i.MX_TIM7_Init)
    i.MemManage_Handler                      0x08002c40   Section        0  stm32l4xx_it.o(i.MemManage_Handler)
    i.NMI_Handler                            0x08002c42   Section        0  stm32l4xx_it.o(i.NMI_Handler)
    i.RCCEx_PLLSAI1_Config                   0x08002c44   Section        0  stm32l4xx_hal_rcc_ex.o(i.RCCEx_PLLSAI1_Config)
    RCCEx_PLLSAI1_Config                     0x08002c45   Thumb Code   278  stm32l4xx_hal_rcc_ex.o(i.RCCEx_PLLSAI1_Config)
    i.RCC_SetFlashLatencyFromMSIRange        0x08002d70   Section        0  stm32l4xx_hal_rcc.o(i.RCC_SetFlashLatencyFromMSIRange)
    RCC_SetFlashLatencyFromMSIRange          0x08002d71   Thumb Code   116  stm32l4xx_hal_rcc.o(i.RCC_SetFlashLatencyFromMSIRange)
    i.SPI_EndRxTxTransaction                 0x08002dec   Section        0  stm32l4xx_hal_spi.o(i.SPI_EndRxTxTransaction)
    SPI_EndRxTxTransaction                   0x08002ded   Thumb Code    72  stm32l4xx_hal_spi.o(i.SPI_EndRxTxTransaction)
    i.SPI_WaitFifoStateUntilTimeout          0x08002e34   Section        0  stm32l4xx_hal_spi.o(i.SPI_WaitFifoStateUntilTimeout)
    SPI_WaitFifoStateUntilTimeout            0x08002e35   Thumb Code   150  stm32l4xx_hal_spi.o(i.SPI_WaitFifoStateUntilTimeout)
    i.SPI_WaitFlagStateUntilTimeout          0x08002eca   Section        0  stm32l4xx_hal_spi.o(i.SPI_WaitFlagStateUntilTimeout)
    SPI_WaitFlagStateUntilTimeout            0x08002ecb   Thumb Code   148  stm32l4xx_hal_spi.o(i.SPI_WaitFlagStateUntilTimeout)
    i.SysTick_Handler                        0x08002f5e   Section        0  stm32l4xx_it.o(i.SysTick_Handler)
    i.SystemClock_Config                     0x08002f76   Section        0  clock.o(i.SystemClock_Config)
    i.SystemInit                             0x0800300c   Section        0  system_stm32l4xx.o(i.SystemInit)
    i.TIM2_IRQHandler                        0x08003050   Section        0  stm32l4xx_it.o(i.TIM2_IRQHandler)
    i.TIM7_IRQHandler                        0x0800316c   Section        0  stm32l4xx_it.o(i.TIM7_IRQHandler)
    i.TIM_Base_SetConfig                     0x080031b8   Section        0  stm32l4xx_hal_tim.o(i.TIM_Base_SetConfig)
    i.TIM_ETR_SetConfig                      0x08003224   Section        0  stm32l4xx_hal_tim.o(i.TIM_ETR_SetConfig)
    i.TIM_ITRx_SetConfig                     0x08003238   Section        0  stm32l4xx_hal_tim.o(i.TIM_ITRx_SetConfig)
    TIM_ITRx_SetConfig                       0x08003239   Thumb Code    16  stm32l4xx_hal_tim.o(i.TIM_ITRx_SetConfig)
    i.TIM_TI1_ConfigInputStage               0x08003248   Section        0  stm32l4xx_hal_tim.o(i.TIM_TI1_ConfigInputStage)
    TIM_TI1_ConfigInputStage                 0x08003249   Thumb Code    34  stm32l4xx_hal_tim.o(i.TIM_TI1_ConfigInputStage)
    i.TIM_TI2_ConfigInputStage               0x0800326a   Section        0  stm32l4xx_hal_tim.o(i.TIM_TI2_ConfigInputStage)
    TIM_TI2_ConfigInputStage                 0x0800326b   Thumb Code    36  stm32l4xx_hal_tim.o(i.TIM_TI2_ConfigInputStage)
    i.TM1620_Init                            0x0800328e   Section        0  display.o(i.TM1620_Init)
    i.TM1620_Write                           0x080032a0   Section        0  display.o(i.TM1620_Write)
    i.TM1620_Write_8bit                      0x08003324   Section        0  display.o(i.TM1620_Write_8bit)
    i.UsageFault_Handler                     0x08003344   Section        0  stm32l4xx_it.o(i.UsageFault_Handler)
    i.__NVIC_SetPriority                     0x08003346   Section        0  stm32l4xx_hal_cortex.o(i.__NVIC_SetPriority)
    __NVIC_SetPriority                       0x08003347   Thumb Code    32  stm32l4xx_hal_cortex.o(i.__NVIC_SetPriority)
    i.__scatterload_copy                     0x08003366   Section       14  handlers.o(i.__scatterload_copy)
    i.__scatterload_null                     0x08003374   Section        2  handlers.o(i.__scatterload_null)
    i.__scatterload_zeroinit                 0x08003376   Section       14  handlers.o(i.__scatterload_zeroinit)
    i.check_current_on                       0x08003384   Section        0  gpio.o(i.check_current_on)
    i.check_oc                               0x08003398   Section        0  gpio.o(i.check_oc)
    check_oc                                 0x08003399   Thumb Code    24  gpio.o(i.check_oc)
    i.check_select_mode                      0x080033b4   Section        0  gpio.o(i.check_select_mode)
    i.check_trigger                          0x080033cc   Section        0  gpio.o(i.check_trigger)
    i.display_leds                           0x080033e4   Section        0  display.o(i.display_leds)
    i.feedback_signals                       0x0800358c   Section        0  manage_tasks.o(i.feedback_signals)
    i.main                                   0x0800365c   Section        0  main.o(i.main)
    i.osDelay                                0x080036ec   Section        0  cmsis_os2.o(i.osDelay)
    i.osKernelInitialize                     0x08003720   Section        0  cmsis_os2.o(i.osKernelInitialize)
    i.osKernelStart                          0x08003754   Section        0  cmsis_os2.o(i.osKernelStart)
    i.osThreadNew                            0x08003790   Section        0  cmsis_os2.o(i.osThreadNew)
    i.out_preset                             0x08003834   Section        0  dac.o(i.out_preset)
    i.process_ctig                           0x08003888   Section        0  process.o(i.process_ctig)
    i.process_feedback_signals               0x080039d0   Section        0  adc.o(i.process_feedback_signals)
    i.process_gpio                           0x08003d3c   Section        0  manage_tasks.o(i.process_gpio)
    i.process_inputs                         0x08003d90   Section        0  gpio.o(i.process_inputs)
    i.process_tig                            0x08003e68   Section        0  process.o(i.process_tig)
    i.process_welding                        0x08003fc0   Section        0  manage_tasks.o(i.process_welding)
    i.prvAddCurrentTaskToDelayedList         0x08003fd8   Section        0  tasks.o(i.prvAddCurrentTaskToDelayedList)
    prvAddCurrentTaskToDelayedList           0x08003fd9   Thumb Code    84  tasks.o(i.prvAddCurrentTaskToDelayedList)
    i.prvAddNewTaskToReadyList               0x08004034   Section        0  tasks.o(i.prvAddNewTaskToReadyList)
    prvAddNewTaskToReadyList                 0x08004035   Thumb Code   190  tasks.o(i.prvAddNewTaskToReadyList)
    i.prvCheckForValidListAndQueue           0x08004104   Section        0  timers.o(i.prvCheckForValidListAndQueue)
    prvCheckForValidListAndQueue             0x08004105   Thumb Code    72  timers.o(i.prvCheckForValidListAndQueue)
    i.prvCopyDataFromQueue                   0x0800415c   Section        0  queue.o(i.prvCopyDataFromQueue)
    prvCopyDataFromQueue                     0x0800415d   Thumb Code    38  queue.o(i.prvCopyDataFromQueue)
    i.prvCopyDataToQueue                     0x08004182   Section        0  queue.o(i.prvCopyDataToQueue)
    prvCopyDataToQueue                       0x08004183   Thumb Code   108  queue.o(i.prvCopyDataToQueue)
    i.prvDeleteTCB                           0x080041ee   Section        0  tasks.o(i.prvDeleteTCB)
    prvDeleteTCB                             0x080041ef   Thumb Code    52  tasks.o(i.prvDeleteTCB)
    i.prvHeapInit                            0x08004224   Section        0  heap_4.o(i.prvHeapInit)
    prvHeapInit                              0x08004225   Thumb Code    64  heap_4.o(i.prvHeapInit)
    i.prvIdleTask                            0x0800426c   Section        0  tasks.o(i.prvIdleTask)
    prvIdleTask                              0x0800426d   Thumb Code    82  tasks.o(i.prvIdleTask)
    i.prvInitialiseNewQueue                  0x080042cc   Section        0  queue.o(i.prvInitialiseNewQueue)
    prvInitialiseNewQueue                    0x080042cd   Thumb Code    34  queue.o(i.prvInitialiseNewQueue)
    i.prvInitialiseNewTask                   0x080042f0   Section        0  tasks.o(i.prvInitialiseNewTask)
    prvInitialiseNewTask                     0x080042f1   Thumb Code   176  tasks.o(i.prvInitialiseNewTask)
    i.prvInsertBlockIntoFreeList             0x080043a8   Section        0  heap_4.o(i.prvInsertBlockIntoFreeList)
    prvInsertBlockIntoFreeList               0x080043a9   Thumb Code    72  heap_4.o(i.prvInsertBlockIntoFreeList)
    i.prvInsertTimerInActiveList             0x080043f4   Section        0  timers.o(i.prvInsertTimerInActiveList)
    prvInsertTimerInActiveList               0x080043f5   Thumb Code    52  timers.o(i.prvInsertTimerInActiveList)
    i.prvIsQueueEmpty                        0x0800442c   Section        0  queue.o(i.prvIsQueueEmpty)
    prvIsQueueEmpty                          0x0800442d   Thumb Code    28  queue.o(i.prvIsQueueEmpty)
    i.prvProcessReceivedCommands             0x08004448   Section        0  timers.o(i.prvProcessReceivedCommands)
    prvProcessReceivedCommands               0x08004449   Thumb Code   248  timers.o(i.prvProcessReceivedCommands)
    i.prvProcessTimerOrBlockTask             0x08004544   Section        0  timers.o(i.prvProcessTimerOrBlockTask)
    prvProcessTimerOrBlockTask               0x08004545   Thumb Code   182  timers.o(i.prvProcessTimerOrBlockTask)
    i.prvResetNextTaskUnblockTime            0x08004604   Section        0  tasks.o(i.prvResetNextTaskUnblockTime)
    prvResetNextTaskUnblockTime              0x08004605   Thumb Code    26  tasks.o(i.prvResetNextTaskUnblockTime)
    i.prvSampleTimeNow                       0x08004624   Section        0  timers.o(i.prvSampleTimeNow)
    prvSampleTimeNow                         0x08004625   Thumb Code    36  timers.o(i.prvSampleTimeNow)
    i.prvSwitchTimerLists                    0x0800464c   Section        0  timers.o(i.prvSwitchTimerLists)
    prvSwitchTimerLists                      0x0800464d   Thumb Code   104  timers.o(i.prvSwitchTimerLists)
    i.prvTaskExitError                       0x080046b8   Section        0  port.o(i.prvTaskExitError)
    prvTaskExitError                         0x080046b9   Thumb Code    36  port.o(i.prvTaskExitError)
    i.prvTimerTask                           0x080046e0   Section        0  timers.o(i.prvTimerTask)
    prvTimerTask                             0x080046e1   Thumb Code    32  timers.o(i.prvTimerTask)
    i.prvUnlockQueue                         0x08004704   Section        0  queue.o(i.prvUnlockQueue)
    prvUnlockQueue                           0x08004705   Thumb Code   106  queue.o(i.prvUnlockQueue)
    i.pvPortMalloc                           0x08004770   Section        0  heap_4.o(i.pvPortMalloc)
    i.pxPortInitialiseStack                  0x08004848   Section        0  port.o(i.pxPortInitialiseStack)
    i.soft_reset                             0x08004874   Section        0  gpio.o(i.soft_reset)
    soft_reset                               0x08004875   Thumb Code    14  gpio.o(i.soft_reset)
    i.uxListRemove                           0x0800488c   Section        0  list.o(i.uxListRemove)
    i.vApplicationGetIdleTaskMemory          0x080048b4   Section        0  cmsis_os2.o(i.vApplicationGetIdleTaskMemory)
    i.vApplicationGetTimerTaskMemory         0x080048c8   Section        0  cmsis_os2.o(i.vApplicationGetTimerTaskMemory)
    i.vListInitialise                        0x080048e0   Section        0  list.o(i.vListInitialise)
    i.vListInitialiseItem                    0x080048f6   Section        0  list.o(i.vListInitialiseItem)
    i.vListInsert                            0x080048fc   Section        0  list.o(i.vListInsert)
    i.vListInsertEnd                         0x0800492c   Section        0  list.o(i.vListInsertEnd)
    i.vPortEnterCritical                     0x08004944   Section        0  port.o(i.vPortEnterCritical)
    i.vPortExitCritical                      0x08004984   Section        0  port.o(i.vPortExitCritical)
    i.vPortFree                              0x080049ac   Section        0  heap_4.o(i.vPortFree)
    i.vPortSetupTimerInterrupt               0x08004a08   Section        0  port.o(i.vPortSetupTimerInterrupt)
    i.vPortValidateInterruptPriority         0x08004a2c   Section        0  port.o(i.vPortValidateInterruptPriority)
    i.vQueueAddToRegistry                    0x08004a80   Section        0  queue.o(i.vQueueAddToRegistry)
    i.vQueueWaitForMessageRestricted         0x08004aa8   Section        0  queue.o(i.vQueueWaitForMessageRestricted)
    i.vTaskDelay                             0x08004aec   Section        0  tasks.o(i.vTaskDelay)
    i.vTaskInternalSetTimeOutState           0x08004b38   Section        0  tasks.o(i.vTaskInternalSetTimeOutState)
    i.vTaskMissedYield                       0x08004b48   Section        0  tasks.o(i.vTaskMissedYield)
    i.vTaskPlaceOnEventList                  0x08004b54   Section        0  tasks.o(i.vTaskPlaceOnEventList)
    i.vTaskPlaceOnEventListRestricted        0x08004b84   Section        0  tasks.o(i.vTaskPlaceOnEventListRestricted)
    i.vTaskStartScheduler                    0x08004bbc   Section        0  tasks.o(i.vTaskStartScheduler)
    i.vTaskSuspendAll                        0x08004c44   Section        0  tasks.o(i.vTaskSuspendAll)
    i.vTaskSwitchContext                     0x08004c54   Section        0  tasks.o(i.vTaskSwitchContext)
    i.wait_current_on                        0x08004cb8   Section        0  process.o(i.wait_current_on)
    wait_current_on                          0x08004cb9   Thumb Code   316  process.o(i.wait_current_on)
    i.xPortStartScheduler                    0x08004e14   Section        0  port.o(i.xPortStartScheduler)
    i.xPortSysTickHandler                    0x08004f08   Section        0  port.o(i.xPortSysTickHandler)
    i.xQueueGenericCreateStatic              0x08004f34   Section        0  queue.o(i.xQueueGenericCreateStatic)
    i.xQueueGenericReset                     0x08004f9c   Section        0  queue.o(i.xQueueGenericReset)
    i.xQueueGenericSend                      0x08005024   Section        0  queue.o(i.xQueueGenericSend)
    i.xQueueGenericSendFromISR               0x08005184   Section        0  queue.o(i.xQueueGenericSendFromISR)
    i.xQueueReceive                          0x08005240   Section        0  queue.o(i.xQueueReceive)
    i.xTaskCheckForTimeOut                   0x08005378   Section        0  tasks.o(i.xTaskCheckForTimeOut)
    i.xTaskCreate                            0x080053ec   Section        0  tasks.o(i.xTaskCreate)
    i.xTaskCreateStatic                      0x0800544c   Section        0  tasks.o(i.xTaskCreateStatic)
    i.xTaskGetSchedulerState                 0x080054a4   Section        0  tasks.o(i.xTaskGetSchedulerState)
    i.xTaskGetTickCount                      0x080054c0   Section        0  tasks.o(i.xTaskGetTickCount)
    i.xTaskIncrementTick                     0x080054cc   Section        0  tasks.o(i.xTaskIncrementTick)
    i.xTaskPriorityDisinherit                0x08005594   Section        0  tasks.o(i.xTaskPriorityDisinherit)
    i.xTaskRemoveFromEventList               0x08005614   Section        0  tasks.o(i.xTaskRemoveFromEventList)
    i.xTaskResumeAll                         0x08005684   Section        0  tasks.o(i.xTaskResumeAll)
    i.xTimerCreateTimerTask                  0x08005748   Section        0  timers.o(i.xTimerCreateTimerTask)
    i.xTimerGenericCommand                   0x080057a8   Section        0  timers.o(i.xTimerGenericCommand)
    .constdata                               0x08005810   Section       36  main.o(.constdata)
    .constdata                               0x08005834   Section       64  system_stm32l4xx.o(.constdata)
    .conststring                             0x08005874   Section       12  main.o(.conststring)
    .data                                    0x20000000   Section       12  main.o(.data)
    .data                                    0x2000000c   Section       16  stm32l4xx_it.o(.data)
    .data                                    0x2000001c   Section       28  adc.o(.data)
    .data                                    0x20000038   Section       31  display.o(.data)
    .data                                    0x20000057   Section        9  gpio.o(.data)
    .data                                    0x20000060   Section        4  manage_tasks.o(.data)
    .data                                    0x20000064   Section       16  process.o(.data)
    .data                                    0x20000074   Section       12  stm32l4xx_hal.o(.data)
    .data                                    0x20000080   Section        4  system_stm32l4xx.o(.data)
    .data                                    0x20000084   Section       60  tasks.o(.data)
    pxDelayedTaskList                        0x20000088   Data           4  tasks.o(.data)
    pxOverflowDelayedTaskList                0x2000008c   Data           4  tasks.o(.data)
    uxDeletedTasksWaitingCleanUp             0x20000090   Data           4  tasks.o(.data)
    uxCurrentNumberOfTasks                   0x20000094   Data           4  tasks.o(.data)
    xTickCount                               0x20000098   Data           4  tasks.o(.data)
    uxTopReadyPriority                       0x2000009c   Data           4  tasks.o(.data)
    xSchedulerRunning                        0x200000a0   Data           4  tasks.o(.data)
    uxPendedTicks                            0x200000a4   Data           4  tasks.o(.data)
    xYieldPending                            0x200000a8   Data           4  tasks.o(.data)
    xNumOfOverflows                          0x200000ac   Data           4  tasks.o(.data)
    uxTaskNumber                             0x200000b0   Data           4  tasks.o(.data)
    xNextTaskUnblockTime                     0x200000b4   Data           4  tasks.o(.data)
    xIdleTaskHandle                          0x200000b8   Data           4  tasks.o(.data)
    uxSchedulerSuspended                     0x200000bc   Data           4  tasks.o(.data)
    .data                                    0x200000c0   Section       20  timers.o(.data)
    pxCurrentTimerList                       0x200000c0   Data           4  timers.o(.data)
    pxOverflowTimerList                      0x200000c4   Data           4  timers.o(.data)
    xTimerQueue                              0x200000c8   Data           4  timers.o(.data)
    xTimerTaskHandle                         0x200000cc   Data           4  timers.o(.data)
    xLastTime                                0x200000d0   Data           4  timers.o(.data)
    .data                                    0x200000d4   Section        4  cmsis_os2.o(.data)
    KernelState                              0x200000d4   Data           4  cmsis_os2.o(.data)
    .data                                    0x200000d8   Section       24  heap_4.o(.data)
    pxEnd                                    0x200000d8   Data           4  heap_4.o(.data)
    xFreeBytesRemaining                      0x200000dc   Data           4  heap_4.o(.data)
    xMinimumEverFreeBytesRemaining           0x200000e0   Data           4  heap_4.o(.data)
    xBlockAllocatedBit                       0x200000e4   Data           4  heap_4.o(.data)
    xStart                                   0x200000e8   Data           8  heap_4.o(.data)
    .data                                    0x200000f0   Section       12  port.o(.data)
    ucMaxSysCallPriority                     0x200000f0   Data           1  port.o(.data)
    uxCriticalNesting                        0x200000f4   Data           4  port.o(.data)
    ulMaxPRIGROUPValue                       0x200000f8   Data           4  port.o(.data)
    .bss                                     0x200000fc   Section      100  main.o(.bss)
    .bss                                     0x20000160   Section       72  main.o(.bss)
    .bss                                     0x200001a8   Section      148  main.o(.bss)
    .bss                                     0x2000023c   Section      100  main.o(.bss)
    .bss                                     0x200002a0   Section       32  adc.o(.bss)
    .bss                                     0x200002c0   Section       64  queue.o(.bss)
    .bss                                     0x20000300   Section     1220  tasks.o(.bss)
    pxReadyTasksLists                        0x20000300   Data        1120  tasks.o(.bss)
    xDelayedTaskList1                        0x20000760   Data          20  tasks.o(.bss)
    xDelayedTaskList2                        0x20000774   Data          20  tasks.o(.bss)
    xPendingReadyList                        0x20000788   Data          20  tasks.o(.bss)
    xTasksWaitingTermination                 0x2000079c   Data          20  tasks.o(.bss)
    xSuspendedTaskList                       0x200007b0   Data          20  tasks.o(.bss)
    .bss                                     0x200007c4   Section      280  timers.o(.bss)
    xActiveTimerList1                        0x200007c4   Data          20  timers.o(.bss)
    xActiveTimerList2                        0x200007d8   Data          20  timers.o(.bss)
    xStaticTimerQueue                        0x200007ec   Data          80  timers.o(.bss)
    ucStaticTimerQueueStorage                0x2000083c   Data         160  timers.o(.bss)
    .bss                                     0x200008dc   Section     1720  cmsis_os2.o(.bss)
    Idle_TCB                                 0x200008dc   Data          92  cmsis_os2.o(.bss)
    Idle_Stack                               0x20000938   Data         512  cmsis_os2.o(.bss)
    Timer_TCB                                0x20000b38   Data          92  cmsis_os2.o(.bss)
    Timer_Stack                              0x20000b94   Data        1024  cmsis_os2.o(.bss)
    .bss                                     0x20000f94   Section     5000  heap_4.o(.bss)
    ucHeap                                   0x20000f94   Data        5000  heap_4.o(.bss)
    STACK                                    0x20002320   Section     1024  startup_stm32l431xx.o(STACK)

    Global Symbols

    Symbol Name                              Value     Ov Type        Size  Object(Section)

    BuildAttributes$$THM_ISAv4$E$P$D$K$B$S$7EM$VFPi3$EXTD16$VFPS$VFMA$PE$A:L22UL41UL21$X:L11$S22US41US21$IEEE1$IW$USESV6$~STKCKD$USESV7$~SHL$OSPACE$ROPI$EBA8$MICROLIB$REQ8$PRES8$EABIv2 0x00000000   Number         0  anon$$obj.o ABSOLUTE
    __ARM_use_no_argv                        0x00000000   Number         0  main.o ABSOLUTE
    __arm_fini_                               - Undefined Weak Reference
    __cpp_initialize__aeabi_                  - Undefined Weak Reference
    __cxa_finalize                            - Undefined Weak Reference
    __decompress                              - Undefined Weak Reference
    _clock_init                               - Undefined Weak Reference
    _microlib_exit                            - Undefined Weak Reference
    __Vectors_Size                           0x0000018c   Number         0  startup_stm32l431xx.o ABSOLUTE
    __Vectors                                0x08000000   Data           4  startup_stm32l431xx.o(RESET)
    __Vectors_End                            0x0800018c   Data           0  startup_stm32l431xx.o(RESET)
    __main                                   0x0800018d   Thumb Code     0  entry.o(.ARM.Collect$$$$00000000)
    _main_stk                                0x0800018d   Thumb Code     0  entry2.o(.ARM.Collect$$$$00000001)
    _main_scatterload                        0x08000191   Thumb Code     0  entry5.o(.ARM.Collect$$$$00000004)
    __main_after_scatterload                 0x08000195   Thumb Code     0  entry5.o(.ARM.Collect$$$$00000004)
    _main_clock                              0x08000195   Thumb Code     0  entry7b.o(.ARM.Collect$$$$00000008)
    _main_cpp_init                           0x08000195   Thumb Code     0  entry8b.o(.ARM.Collect$$$$0000000A)
    _main_init                               0x08000195   Thumb Code     0  entry9a.o(.ARM.Collect$$$$0000000B)
    __rt_lib_shutdown_fini                   0x0800019d   Thumb Code     0  entry12b.o(.ARM.Collect$$$$0000000E)
    __rt_final_cpp                           0x080001a1   Thumb Code     0  entry10a.o(.ARM.Collect$$$$0000000F)
    __rt_final_exit                          0x080001a1   Thumb Code     0  entry11a.o(.ARM.Collect$$$$00000011)
    SVC_Handler                              0x080001a5   Thumb Code    28  port.o(.emb_text)
    __asm___6_port_c_39a90d8d__prvStartFirstTask 0x080001c5   Thumb Code    36  port.o(.emb_text)
    __asm___6_port_c_39a90d8d__prvEnableVFP  0x080001ed   Thumb Code    16  port.o(.emb_text)
    PendSV_Handler                           0x08000201   Thumb Code    88  port.o(.emb_text)
    vPortGetIPSR                             0x0800025d   Thumb Code     6  port.o(.emb_text)
    Reset_Handler                            0x08000285   Thumb Code     8  startup_stm32l431xx.o(.text)
    ADC1_IRQHandler                          0x0800029f   Thumb Code     0  startup_stm32l431xx.o(.text)
    CAN1_RX0_IRQHandler                      0x0800029f   Thumb Code     0  startup_stm32l431xx.o(.text)
    CAN1_RX1_IRQHandler                      0x0800029f   Thumb Code     0  startup_stm32l431xx.o(.text)
    CAN1_SCE_IRQHandler                      0x0800029f   Thumb Code     0  startup_stm32l431xx.o(.text)
    CAN1_TX_IRQHandler                       0x0800029f   Thumb Code     0  startup_stm32l431xx.o(.text)
    COMP_IRQHandler                          0x0800029f   Thumb Code     0  startup_stm32l431xx.o(.text)
    CRS_IRQHandler                           0x0800029f   Thumb Code     0  startup_stm32l431xx.o(.text)
    DMA1_Channel2_IRQHandler                 0x0800029f   Thumb Code     0  startup_stm32l431xx.o(.text)
    DMA1_Channel3_IRQHandler                 0x0800029f   Thumb Code     0  startup_stm32l431xx.o(.text)
    DMA1_Channel4_IRQHandler                 0x0800029f   Thumb Code     0  startup_stm32l431xx.o(.text)
    DMA1_Channel5_IRQHandler                 0x0800029f   Thumb Code     0  startup_stm32l431xx.o(.text)
    DMA1_Channel6_IRQHandler                 0x0800029f   Thumb Code     0  startup_stm32l431xx.o(.text)
    DMA1_Channel7_IRQHandler                 0x0800029f   Thumb Code     0  startup_stm32l431xx.o(.text)
    DMA2_Channel1_IRQHandler                 0x0800029f   Thumb Code     0  startup_stm32l431xx.o(.text)
    DMA2_Channel2_IRQHandler                 0x0800029f   Thumb Code     0  startup_stm32l431xx.o(.text)
    DMA2_Channel3_IRQHandler                 0x0800029f   Thumb Code     0  startup_stm32l431xx.o(.text)
    DMA2_Channel4_IRQHandler                 0x0800029f   Thumb Code     0  startup_stm32l431xx.o(.text)
    DMA2_Channel5_IRQHandler                 0x0800029f   Thumb Code     0  startup_stm32l431xx.o(.text)
    DMA2_Channel6_IRQHandler                 0x0800029f   Thumb Code     0  startup_stm32l431xx.o(.text)
    DMA2_Channel7_IRQHandler                 0x0800029f   Thumb Code     0  startup_stm32l431xx.o(.text)
    EXTI0_IRQHandler                         0x0800029f   Thumb Code     0  startup_stm32l431xx.o(.text)
    EXTI15_10_IRQHandler                     0x0800029f   Thumb Code     0  startup_stm32l431xx.o(.text)
    EXTI1_IRQHandler                         0x0800029f   Thumb Code     0  startup_stm32l431xx.o(.text)
    EXTI2_IRQHandler                         0x0800029f   Thumb Code     0  startup_stm32l431xx.o(.text)
    EXTI3_IRQHandler                         0x0800029f   Thumb Code     0  startup_stm32l431xx.o(.text)
    EXTI4_IRQHandler                         0x0800029f   Thumb Code     0  startup_stm32l431xx.o(.text)
    EXTI9_5_IRQHandler                       0x0800029f   Thumb Code     0  startup_stm32l431xx.o(.text)
    FLASH_IRQHandler                         0x0800029f   Thumb Code     0  startup_stm32l431xx.o(.text)
    FPU_IRQHandler                           0x0800029f   Thumb Code     0  startup_stm32l431xx.o(.text)
    I2C1_ER_IRQHandler                       0x0800029f   Thumb Code     0  startup_stm32l431xx.o(.text)
    I2C1_EV_IRQHandler                       0x0800029f   Thumb Code     0  startup_stm32l431xx.o(.text)
    I2C2_ER_IRQHandler                       0x0800029f   Thumb Code     0  startup_stm32l431xx.o(.text)
    I2C2_EV_IRQHandler                       0x0800029f   Thumb Code     0  startup_stm32l431xx.o(.text)
    I2C3_ER_IRQHandler                       0x0800029f   Thumb Code     0  startup_stm32l431xx.o(.text)
    I2C3_EV_IRQHandler                       0x0800029f   Thumb Code     0  startup_stm32l431xx.o(.text)
    LPTIM1_IRQHandler                        0x0800029f   Thumb Code     0  startup_stm32l431xx.o(.text)
    LPTIM2_IRQHandler                        0x0800029f   Thumb Code     0  startup_stm32l431xx.o(.text)
    LPUART1_IRQHandler                       0x0800029f   Thumb Code     0  startup_stm32l431xx.o(.text)
    PVD_PVM_IRQHandler                       0x0800029f   Thumb Code     0  startup_stm32l431xx.o(.text)
    QUADSPI_IRQHandler                       0x0800029f   Thumb Code     0  startup_stm32l431xx.o(.text)
    RCC_IRQHandler                           0x0800029f   Thumb Code     0  startup_stm32l431xx.o(.text)
    RNG_IRQHandler                           0x0800029f   Thumb Code     0  startup_stm32l431xx.o(.text)
    RTC_Alarm_IRQHandler                     0x0800029f   Thumb Code     0  startup_stm32l431xx.o(.text)
    RTC_WKUP_IRQHandler                      0x0800029f   Thumb Code     0  startup_stm32l431xx.o(.text)
    SAI1_IRQHandler                          0x0800029f   Thumb Code     0  startup_stm32l431xx.o(.text)
    SDMMC1_IRQHandler                        0x0800029f   Thumb Code     0  startup_stm32l431xx.o(.text)
    SPI1_IRQHandler                          0x0800029f   Thumb Code     0  startup_stm32l431xx.o(.text)
    SPI2_IRQHandler                          0x0800029f   Thumb Code     0  startup_stm32l431xx.o(.text)
    SPI3_IRQHandler                          0x0800029f   Thumb Code     0  startup_stm32l431xx.o(.text)
    SWPMI1_IRQHandler                        0x0800029f   Thumb Code     0  startup_stm32l431xx.o(.text)
    TAMP_STAMP_IRQHandler                    0x0800029f   Thumb Code     0  startup_stm32l431xx.o(.text)
    TIM1_BRK_TIM15_IRQHandler                0x0800029f   Thumb Code     0  startup_stm32l431xx.o(.text)
    TIM1_CC_IRQHandler                       0x0800029f   Thumb Code     0  startup_stm32l431xx.o(.text)
    TIM1_TRG_COM_IRQHandler                  0x0800029f   Thumb Code     0  startup_stm32l431xx.o(.text)
    TIM1_UP_TIM16_IRQHandler                 0x0800029f   Thumb Code     0  startup_stm32l431xx.o(.text)
    TIM6_DAC_IRQHandler                      0x0800029f   Thumb Code     0  startup_stm32l431xx.o(.text)
    TSC_IRQHandler                           0x0800029f   Thumb Code     0  startup_stm32l431xx.o(.text)
    USART1_IRQHandler                        0x0800029f   Thumb Code     0  startup_stm32l431xx.o(.text)
    USART2_IRQHandler                        0x0800029f   Thumb Code     0  startup_stm32l431xx.o(.text)
    USART3_IRQHandler                        0x0800029f   Thumb Code     0  startup_stm32l431xx.o(.text)
    WWDG_IRQHandler                          0x0800029f   Thumb Code     0  startup_stm32l431xx.o(.text)
    __aeabi_memcpy                           0x080002a9   Thumb Code    36  memcpya.o(.text)
    __aeabi_memcpy4                          0x080002a9   Thumb Code     0  memcpya.o(.text)
    __aeabi_memcpy8                          0x080002a9   Thumb Code     0  memcpya.o(.text)
    __aeabi_memset                           0x080002cd   Thumb Code    14  memseta.o(.text)
    __aeabi_memset4                          0x080002cd   Thumb Code     0  memseta.o(.text)
    __aeabi_memset8                          0x080002cd   Thumb Code     0  memseta.o(.text)
    __aeabi_memclr                           0x080002db   Thumb Code     4  memseta.o(.text)
    __aeabi_memclr4                          0x080002db   Thumb Code     0  memseta.o(.text)
    __aeabi_memclr8                          0x080002db   Thumb Code     0  memseta.o(.text)
    memset                                   0x080002df   Thumb Code    18  memseta.o(.text)
    __aeabi_dadd                             0x080002f1   Thumb Code   322  dadd.o(.text)
    __aeabi_dsub                             0x08000433   Thumb Code     6  dadd.o(.text)
    __aeabi_drsub                            0x08000439   Thumb Code     6  dadd.o(.text)
    __aeabi_dmul                             0x0800044f   Thumb Code   228  dmul.o(.text)
    __aeabi_ddiv                             0x08000539   Thumb Code   222  ddiv.o(.text)
    __aeabi_i2d                              0x08000617   Thumb Code    34  dflti.o(.text)
    __aeabi_ui2d                             0x08000639   Thumb Code    26  dfltui.o(.text)
    __aeabi_d2uiz                            0x08000653   Thumb Code    50  dfixui.o(.text)
    __aeabi_llsl                             0x08000685   Thumb Code    30  llshl.o(.text)
    _ll_shift_l                              0x08000685   Thumb Code     0  llshl.o(.text)
    __aeabi_llsr                             0x080006a3   Thumb Code    32  llushr.o(.text)
    _ll_ushift_r                             0x080006a3   Thumb Code     0  llushr.o(.text)
    __aeabi_lasr                             0x080006c3   Thumb Code    36  llsshr.o(.text)
    _ll_sshift_r                             0x080006c3   Thumb Code     0  llsshr.o(.text)
    __I$use$fp                               0x080006e7   Thumb Code     0  iusefp.o(.text)
    _double_round                            0x080006e7   Thumb Code    30  depilogue.o(.text)
    _double_epilogue                         0x08000705   Thumb Code   156  depilogue.o(.text)
    __scatterload                            0x080007a1   Thumb Code    28  init.o(.text)
    __scatterload_rt2                        0x080007a1   Thumb Code     0  init.o(.text)
    ADC_DMAConvCplt                          0x080007c5   Thumb Code   104  stm32l4xx_hal_adc.o(i.ADC_DMAConvCplt)
    ADC_DMAError                             0x0800082d   Thumb Code    26  stm32l4xx_hal_adc.o(i.ADC_DMAError)
    ADC_DMAHalfConvCplt                      0x08000847   Thumb Code    10  stm32l4xx_hal_adc.o(i.ADC_DMAHalfConvCplt)
    ADC_Enable                               0x08000851   Thumb Code   100  stm32l4xx_hal_adc.o(i.ADC_Enable)
    BusFault_Handler                         0x080008b9   Thumb Code     2  stm32l4xx_it.o(i.BusFault_Handler)
    DMA1_Channel1_IRQHandler                 0x080008bd   Thumb Code     6  stm32l4xx_it.o(i.DMA1_Channel1_IRQHandler)
    DebugMon_Handler                         0x080008f7   Thumb Code     2  stm32l4xx_it.o(i.DebugMon_Handler)
    Error_Handler                            0x080008f9   Thumb Code     4  error.o(i.Error_Handler)
    HAL_ADC_ConfigChannel                    0x080008fd   Thumb Code   958  stm32l4xx_hal_adc.o(i.HAL_ADC_ConfigChannel)
    HAL_ADC_ConvCpltCallback                 0x08000cef   Thumb Code     2  stm32l4xx_hal_adc.o(i.HAL_ADC_ConvCpltCallback)
    HAL_ADC_ConvHalfCpltCallback             0x08000cf1   Thumb Code     2  stm32l4xx_hal_adc.o(i.HAL_ADC_ConvHalfCpltCallback)
    HAL_ADC_ErrorCallback                    0x08000cf3   Thumb Code     2  stm32l4xx_hal_adc.o(i.HAL_ADC_ErrorCallback)
    HAL_ADC_Init                             0x08000cf5   Thumb Code   396  stm32l4xx_hal_adc.o(i.HAL_ADC_Init)
    HAL_ADC_MspInit                          0x08000ea1   Thumb Code   154  stm32l4xx_hal_msp.o(i.HAL_ADC_MspInit)
    HAL_ADC_Start_DMA                        0x08000f51   Thumb Code   162  stm32l4xx_hal_adc.o(i.HAL_ADC_Start_DMA)
    HAL_DAC_ConfigChannel                    0x08001005   Thumb Code   282  stm32l4xx_hal_dac.o(i.HAL_DAC_ConfigChannel)
    HAL_DAC_Init                             0x0800111f   Thumb Code    40  stm32l4xx_hal_dac.o(i.HAL_DAC_Init)
    HAL_DAC_MspInit                          0x08001149   Thumb Code    82  stm32l4xx_hal_msp.o(i.HAL_DAC_MspInit)
    HAL_DAC_SetValue                         0x080011a5   Thumb Code    26  stm32l4xx_hal_dac.o(i.HAL_DAC_SetValue)
    HAL_DAC_Start                            0x080011bf   Thumb Code    88  stm32l4xx_hal_dac.o(i.HAL_DAC_Start)
    HAL_DMA_IRQHandler                       0x08001217   Thumb Code   186  stm32l4xx_hal_dma.o(i.HAL_DMA_IRQHandler)
    HAL_DMA_Init                             0x080012d1   Thumb Code   178  stm32l4xx_hal_dma.o(i.HAL_DMA_Init)
    HAL_DMA_Start_IT                         0x08001391   Thumb Code   112  stm32l4xx_hal_dma.o(i.HAL_DMA_Start_IT)
    HAL_Delay                                0x08001401   Thumb Code    32  stm32l4xx_hal.o(i.HAL_Delay)
    HAL_GPIO_Init                            0x08001425   Thumb Code   412  stm32l4xx_hal_gpio.o(i.HAL_GPIO_Init)
    HAL_GPIO_ReadPin                         0x080015e3   Thumb Code    10  stm32l4xx_hal_gpio.o(i.HAL_GPIO_ReadPin)
    HAL_GPIO_WritePin                        0x080015ed   Thumb Code    10  stm32l4xx_hal_gpio.o(i.HAL_GPIO_WritePin)
    HAL_GetTick                              0x080015f9   Thumb Code     6  stm32l4xx_hal.o(i.HAL_GetTick)
    HAL_IncTick                              0x08001605   Thumb Code    12  stm32l4xx_hal.o(i.HAL_IncTick)
    HAL_Init                                 0x08001615   Thumb Code    30  stm32l4xx_hal.o(i.HAL_Init)
    HAL_InitTick                             0x08001635   Thumb Code    58  stm32l4xx_hal.o(i.HAL_InitTick)
    HAL_MspInit                              0x08001679   Thumb Code    48  stm32l4xx_hal_msp.o(i.HAL_MspInit)
    HAL_NVIC_EnableIRQ                       0x080016ad   Thumb Code    26  stm32l4xx_hal_cortex.o(i.HAL_NVIC_EnableIRQ)
    HAL_NVIC_SetPriority                     0x080016c9   Thumb Code    60  stm32l4xx_hal_cortex.o(i.HAL_NVIC_SetPriority)
    HAL_NVIC_SetPriorityGrouping             0x08001709   Thumb Code    26  stm32l4xx_hal_cortex.o(i.HAL_NVIC_SetPriorityGrouping)
    HAL_PWREx_ControlVoltageScaling          0x0800172d   Thumb Code    90  stm32l4xx_hal_pwr_ex.o(i.HAL_PWREx_ControlVoltageScaling)
    HAL_PWREx_GetVoltageRange                0x08001795   Thumb Code    10  stm32l4xx_hal_pwr_ex.o(i.HAL_PWREx_GetVoltageRange)
    HAL_RCCEx_PeriphCLKConfig                0x080017a5   Thumb Code   682  stm32l4xx_hal_rcc_ex.o(i.HAL_RCCEx_PeriphCLKConfig)
    HAL_RCC_ClockConfig                      0x08001a61   Thumb Code   266  stm32l4xx_hal_rcc.o(i.HAL_RCC_ClockConfig)
    HAL_RCC_GetSysClockFreq                  0x08001b81   Thumb Code   150  stm32l4xx_hal_rcc.o(i.HAL_RCC_GetSysClockFreq)
    HAL_RCC_OscConfig                        0x08001c25   Thumb Code  1382  stm32l4xx_hal_rcc.o(i.HAL_RCC_OscConfig)
    HAL_SPI_Init                             0x08002191   Thumb Code   172  stm32l4xx_hal_spi.o(i.HAL_SPI_Init)
    HAL_SPI_MspInit                          0x0800223d   Thumb Code    90  stm32l4xx_hal_msp.o(i.HAL_SPI_MspInit)
    HAL_SPI_Transmit                         0x080022a1   Thumb Code   382  stm32l4xx_hal_spi.o(i.HAL_SPI_Transmit)
    HAL_SYSTICK_Config                       0x08002425   Thumb Code    40  stm32l4xx_hal_cortex.o(i.HAL_SYSTICK_Config)
    HAL_TIMEx_Break2Callback                 0x0800244d   Thumb Code     2  stm32l4xx_hal_tim_ex.o(i.HAL_TIMEx_Break2Callback)
    HAL_TIMEx_BreakCallback                  0x0800244f   Thumb Code     2  stm32l4xx_hal_tim_ex.o(i.HAL_TIMEx_BreakCallback)
    HAL_TIMEx_CommutCallback                 0x08002451   Thumb Code     2  stm32l4xx_hal_tim_ex.o(i.HAL_TIMEx_CommutCallback)
    HAL_TIMEx_MasterConfigSynchronization    0x08002455   Thumb Code    98  stm32l4xx_hal_tim_ex.o(i.HAL_TIMEx_MasterConfigSynchronization)
    HAL_TIM_Base_Init                        0x080024c1   Thumb Code    54  stm32l4xx_hal_tim.o(i.HAL_TIM_Base_Init)
    HAL_TIM_Base_MspInit                     0x080024f9   Thumb Code    92  stm32l4xx_hal_msp.o(i.HAL_TIM_Base_MspInit)
    HAL_TIM_Base_Start_IT                    0x0800255d   Thumb Code    40  stm32l4xx_hal_tim.o(i.HAL_TIM_Base_Start_IT)
    HAL_TIM_ConfigClockSource                0x08002589   Thumb Code   214  stm32l4xx_hal_tim.o(i.HAL_TIM_ConfigClockSource)
    HAL_TIM_IC_CaptureCallback               0x08002665   Thumb Code     2  stm32l4xx_hal_tim.o(i.HAL_TIM_IC_CaptureCallback)
    HAL_TIM_IRQHandler                       0x08002667   Thumb Code   388  stm32l4xx_hal_tim.o(i.HAL_TIM_IRQHandler)
    HAL_TIM_OC_DelayElapsedCallback          0x080027eb   Thumb Code     2  stm32l4xx_hal_tim.o(i.HAL_TIM_OC_DelayElapsedCallback)
    HAL_TIM_PWM_PulseFinishedCallback        0x080027ed   Thumb Code     2  stm32l4xx_hal_tim.o(i.HAL_TIM_PWM_PulseFinishedCallback)
    HAL_TIM_PeriodElapsedCallback            0x080027ef   Thumb Code     2  stm32l4xx_hal_tim.o(i.HAL_TIM_PeriodElapsedCallback)
    HAL_TIM_TriggerCallback                  0x080027f1   Thumb Code     2  stm32l4xx_hal_tim.o(i.HAL_TIM_TriggerCallback)
    HardFault_Handler                        0x080027f3   Thumb Code     2  stm32l4xx_it.o(i.HardFault_Handler)
    MX_ADC1_Init                             0x08002851   Thumb Code   200  adc.o(i.MX_ADC1_Init)
    MX_DAC1_Init                             0x08002935   Thumb Code    64  dac.o(i.MX_DAC1_Init)
    MX_DMA_Init                              0x0800297d   Thumb Code    40  adc.o(i.MX_DMA_Init)
    MX_GPIO_Init                             0x080029a9   Thumb Code   390  gpio.o(i.MX_GPIO_Init)
    MX_TIM2_Init                             0x08002b99   Thumb Code    96  timer.o(i.MX_TIM2_Init)
    MX_TIM7_Init                             0x08002bfd   Thumb Code    60  timer.o(i.MX_TIM7_Init)
    MemManage_Handler                        0x08002c41   Thumb Code     2  stm32l4xx_it.o(i.MemManage_Handler)
    NMI_Handler                              0x08002c43   Thumb Code     2  stm32l4xx_it.o(i.NMI_Handler)
    SysTick_Handler                          0x08002f5f   Thumb Code    24  stm32l4xx_it.o(i.SysTick_Handler)
    SystemClock_Config                       0x08002f77   Thumb Code   150  clock.o(i.SystemClock_Config)
    SystemInit                               0x0800300d   Thumb Code    56  system_stm32l4xx.o(i.SystemInit)
    TIM2_IRQHandler                          0x08003051   Thumb Code   226  stm32l4xx_it.o(i.TIM2_IRQHandler)
    TIM7_IRQHandler                          0x0800316d   Thumb Code    64  stm32l4xx_it.o(i.TIM7_IRQHandler)
    TIM_Base_SetConfig                       0x080031b9   Thumb Code    94  stm32l4xx_hal_tim.o(i.TIM_Base_SetConfig)
    TIM_ETR_SetConfig                        0x08003225   Thumb Code    20  stm32l4xx_hal_tim.o(i.TIM_ETR_SetConfig)
    TM1620_Init                              0x0800328f   Thumb Code    16  display.o(i.TM1620_Init)
    TM1620_Write                             0x080032a1   Thumb Code   126  display.o(i.TM1620_Write)
    TM1620_Write_8bit                        0x08003325   Thumb Code    26  display.o(i.TM1620_Write_8bit)
    UsageFault_Handler                       0x08003345   Thumb Code     2  stm32l4xx_it.o(i.UsageFault_Handler)
    __scatterload_copy                       0x08003367   Thumb Code    14  handlers.o(i.__scatterload_copy)
    __scatterload_null                       0x08003375   Thumb Code     2  handlers.o(i.__scatterload_null)
    __scatterload_zeroinit                   0x08003377   Thumb Code    14  handlers.o(i.__scatterload_zeroinit)
    check_current_on                         0x08003385   Thumb Code    20  gpio.o(i.check_current_on)
    check_select_mode                        0x080033b5   Thumb Code    18  gpio.o(i.check_select_mode)
    check_trigger                            0x080033cd   Thumb Code    22  gpio.o(i.check_trigger)
    display_leds                             0x080033e5   Thumb Code   406  display.o(i.display_leds)
    feedback_signals                         0x0800358d   Thumb Code   166  manage_tasks.o(i.feedback_signals)
    main                                     0x0800365d   Thumb Code   120  main.o(i.main)
    osDelay                                  0x080036ed   Thumb Code    46  cmsis_os2.o(i.osDelay)
    osKernelInitialize                       0x08003721   Thumb Code    48  cmsis_os2.o(i.osKernelInitialize)
    osKernelStart                            0x08003755   Thumb Code    56  cmsis_os2.o(i.osKernelStart)
    osThreadNew                              0x08003791   Thumb Code   158  cmsis_os2.o(i.osThreadNew)
    out_preset                               0x08003835   Thumb Code    68  dac.o(i.out_preset)
    process_ctig                             0x08003889   Thumb Code   296  process.o(i.process_ctig)
    process_feedback_signals                 0x080039d1   Thumb Code   802  adc.o(i.process_feedback_signals)
    process_gpio                             0x08003d3d   Thumb Code    70  manage_tasks.o(i.process_gpio)
    process_inputs                           0x08003d91   Thumb Code   198  gpio.o(i.process_inputs)
    process_tig                              0x08003e69   Thumb Code   298  process.o(i.process_tig)
    process_welding                          0x08003fc1   Thumb Code    18  manage_tasks.o(i.process_welding)
    pvPortMalloc                             0x08004771   Thumb Code   210  heap_4.o(i.pvPortMalloc)
    pxPortInitialiseStack                    0x08004849   Thumb Code    40  port.o(i.pxPortInitialiseStack)
    uxListRemove                             0x0800488d   Thumb Code    38  list.o(i.uxListRemove)
    vApplicationGetIdleTaskMemory            0x080048b5   Thumb Code    16  cmsis_os2.o(i.vApplicationGetIdleTaskMemory)
    vApplicationGetTimerTaskMemory           0x080048c9   Thumb Code    18  cmsis_os2.o(i.vApplicationGetTimerTaskMemory)
    vListInitialise                          0x080048e1   Thumb Code    22  list.o(i.vListInitialise)
    vListInitialiseItem                      0x080048f7   Thumb Code     6  list.o(i.vListInitialiseItem)
    vListInsert                              0x080048fd   Thumb Code    48  list.o(i.vListInsert)
    vListInsertEnd                           0x0800492d   Thumb Code    24  list.o(i.vListInsertEnd)
    vPortEnterCritical                       0x08004945   Thumb Code    54  port.o(i.vPortEnterCritical)
    vPortExitCritical                        0x08004985   Thumb Code    34  port.o(i.vPortExitCritical)
    vPortFree                                0x080049ad   Thumb Code    88  heap_4.o(i.vPortFree)
    vPortSetupTimerInterrupt                 0x08004a09   Thumb Code    32  port.o(i.vPortSetupTimerInterrupt)
    vPortValidateInterruptPriority           0x08004a2d   Thumb Code    74  port.o(i.vPortValidateInterruptPriority)
    vQueueAddToRegistry                      0x08004a81   Thumb Code    34  queue.o(i.vQueueAddToRegistry)
    vQueueWaitForMessageRestricted           0x08004aa9   Thumb Code    68  queue.o(i.vQueueWaitForMessageRestricted)
    vTaskDelay                               0x08004aed   Thumb Code    66  tasks.o(i.vTaskDelay)
    vTaskInternalSetTimeOutState             0x08004b39   Thumb Code    12  tasks.o(i.vTaskInternalSetTimeOutState)
    vTaskMissedYield                         0x08004b49   Thumb Code     8  tasks.o(i.vTaskMissedYield)
    vTaskPlaceOnEventList                    0x08004b55   Thumb Code    44  tasks.o(i.vTaskPlaceOnEventList)
    vTaskPlaceOnEventListRestricted          0x08004b85   Thumb Code    52  tasks.o(i.vTaskPlaceOnEventListRestricted)
    vTaskStartScheduler                      0x08004bbd   Thumb Code   118  tasks.o(i.vTaskStartScheduler)
    vTaskSuspendAll                          0x08004c45   Thumb Code    10  tasks.o(i.vTaskSuspendAll)
    vTaskSwitchContext                       0x08004c55   Thumb Code    90  tasks.o(i.vTaskSwitchContext)
    xPortStartScheduler                      0x08004e15   Thumb Code   222  port.o(i.xPortStartScheduler)
    xPortSysTickHandler                      0x08004f09   Thumb Code    38  port.o(i.xPortSysTickHandler)
    xQueueGenericCreateStatic                0x08004f35   Thumb Code   102  queue.o(i.xQueueGenericCreateStatic)
    xQueueGenericReset                       0x08004f9d   Thumb Code   132  queue.o(i.xQueueGenericReset)
    xQueueGenericSend                        0x08005025   Thumb Code   346  queue.o(i.xQueueGenericSend)
    xQueueGenericSendFromISR                 0x08005185   Thumb Code   188  queue.o(i.xQueueGenericSendFromISR)
    xQueueReceive                            0x08005241   Thumb Code   308  queue.o(i.xQueueReceive)
    xTaskCheckForTimeOut                     0x08005379   Thumb Code   112  tasks.o(i.xTaskCheckForTimeOut)
    xTaskCreate                              0x080053ed   Thumb Code    90  tasks.o(i.xTaskCreate)
    xTaskCreateStatic                        0x0800544d   Thumb Code    86  tasks.o(i.xTaskCreateStatic)
    xTaskGetSchedulerState                   0x080054a5   Thumb Code    22  tasks.o(i.xTaskGetSchedulerState)
    xTaskGetTickCount                        0x080054c1   Thumb Code     6  tasks.o(i.xTaskGetTickCount)
    xTaskIncrementTick                       0x080054cd   Thumb Code   190  tasks.o(i.xTaskIncrementTick)
    xTaskPriorityDisinherit                  0x08005595   Thumb Code   118  tasks.o(i.xTaskPriorityDisinherit)
    xTaskRemoveFromEventList                 0x08005615   Thumb Code    98  tasks.o(i.xTaskRemoveFromEventList)
    xTaskResumeAll                           0x08005685   Thumb Code   182  tasks.o(i.xTaskResumeAll)
    xTimerCreateTimerTask                    0x08005749   Thumb Code    78  timers.o(i.xTimerCreateTimerTask)
    xTimerGenericCommand                     0x080057a9   Thumb Code    98  timers.o(i.xTimerGenericCommand)
    defaultTask_attributes                   0x08005810   Data          36  main.o(.constdata)
    AHBPrescTable                            0x08005834   Data          16  system_stm32l4xx.o(.constdata)
    MSIRangeTable                            0x08005844   Data          48  system_stm32l4xx.o(.constdata)
    Region$$Table$$Base                      0x08005880   Number         0  anon$$obj.o(Region$$Table)
    Region$$Table$$Limit                     0x080058a0   Number         0  anon$$obj.o(Region$$Table)
    TaskHandle_feedback                      0x20000000   Data           4  main.o(.data)
    TaskHandle_gpio                          0x20000004   Data           4  main.o(.data)
    TaskHandle_welding                       0x20000008   Data           4  main.o(.data)
    enable_timeout_hf                        0x2000000c   Data           1  stm32l4xx_it.o(.data)
    count_3s                                 0x20000010   Data           4  stm32l4xx_it.o(.data)
    countTime                                0x20000014   Data           4  stm32l4xx_it.o(.data)
    timeout_hf                               0x20000018   Data           4  stm32l4xx_it.o(.data)
    count_sample                             0x2000001c   Data           1  adc.o(.data)
    OT                                       0x2000001d   Data           1  adc.o(.data)
    more_90_oC                               0x2000001e   Data           1  adc.o(.data)
    times                                    0x2000001f   Data           1  adc.o(.data)
    enableUpdateDisplayWeldingTime           0x20000020   Data           1  adc.o(.data)
    enableUpdateDisplayWeldingCurrent        0x20000021   Data           1  adc.o(.data)
    var_adc_3                                0x20000022   Data           2  adc.o(.data)
    var_adc_2                                0x20000024   Data           2  adc.o(.data)
    var_adc_1                                0x20000026   Data           2  adc.o(.data)
    var_adc_0                                0x20000028   Data           2  adc.o(.data)
    welding_current                          0x2000002a   Data           2  adc.o(.data)
    post_gas                                 0x2000002c   Data           2  adc.o(.data)
    takt_time                                0x2000002e   Data           2  adc.o(.data)
    welding_time                             0x20000030   Data           2  adc.o(.data)
    previous                                 0x20000032   Data           2  adc.o(.data)
    cycle                                    0x20000034   Data           4  adc.o(.data)
    DisplayArray                             0x20000038   Data           5  display.o(.data)
    fontCode                                 0x2000003d   Data          26  display.o(.data)
    currentON                                0x20000057   Data           1  gpio.o(.data)
    switchSelectMode                         0x20000058   Data           4  gpio.o(.data)
    previousState                            0x2000005c   Data           4  gpio.o(.data)
    show                                     0x20000060   Data           1  manage_tasks.o(.data)
    runFan                                   0x20000061   Data           1  manage_tasks.o(.data)
    led_ot                                   0x20000062   Data           1  manage_tasks.o(.data)
    led_oc                                   0x20000063   Data           1  manage_tasks.o(.data)
    Time_Out                                 0x20000064   Data           1  process.o(.data)
    EnableWaitTimeOut                        0x20000065   Data           1  process.o(.data)
    Failed_Start                             0x20000066   Data           1  process.o(.data)
    InitialFail                              0x20000067   Data           1  process.o(.data)
    enableChangeMode                         0x20000068   Data           1  process.o(.data)
    welding_ctig                             0x20000069   Data           1  process.o(.data)
    enablePregas                             0x2000006a   Data           1  process.o(.data)
    check                                    0x2000006b   Data           1  process.o(.data)
    counter_wait_feedback_current            0x2000006c   Data           2  process.o(.data)
    time_pregas                              0x2000006e   Data           2  process.o(.data)
    time_post_gas                            0x20000070   Data           4  process.o(.data)
    uwTickPrio                               0x20000074   Data           4  stm32l4xx_hal.o(.data)
    uwTickFreq                               0x20000078   Data           4  stm32l4xx_hal.o(.data)
    uwTick                                   0x2000007c   Data           4  stm32l4xx_hal.o(.data)
    SystemCoreClock                          0x20000080   Data           4  system_stm32l4xx.o(.data)
    pxCurrentTCB                             0x20000084   Data           4  tasks.o(.data)
    hadc1                                    0x200000fc   Data         100  main.o(.bss)
    hdma_adc1                                0x20000160   Data          72  main.o(.bss)
    hdac1                                    0x200001a8   Data          20  main.o(.bss)
    htim2                                    0x200001bc   Data          64  main.o(.bss)
    htim7                                    0x200001fc   Data          64  main.o(.bss)
    hspi1                                    0x2000023c   Data         100  main.o(.bss)
    buffer                                   0x200002a0   Data          10  adc.o(.bss)
    temp_buffer                              0x200002ac   Data          20  adc.o(.bss)
    xQueueRegistry                           0x200002c0   Data          64  queue.o(.bss)
    __initial_sp                             0x20002720   Data           0  startup_stm32l431xx.o(STACK)



==============================================================================

Memory Map of the image

  Image Entry point : 0x08000285

  Load Region LR_IROM1 (Base: 0x08000000, Size: 0x0000599c, Max: 0x00040000, ABSOLUTE)

    Execution Region ER_IROM1 (Exec base: 0x08000000, Load base: 0x08000000, Size: 0x000058a0, Max: 0x00040000, ABSOLUTE)

    Exec Addr    Load Addr    Size         Type   Attr      Idx    E Section Name        Object

    0x08000000   0x08000000   0x0000018c   Data   RO            3    RESET               startup_stm32l431xx.o
    0x0800018c   0x0800018c   0x00000000   Code   RO         6841  * .ARM.Collect$$$$00000000  mc_w.l(entry.o)
    0x0800018c   0x0800018c   0x00000004   Code   RO         6868    .ARM.Collect$$$$00000001  mc_w.l(entry2.o)
    0x08000190   0x08000190   0x00000004   Code   RO         6871    .ARM.Collect$$$$00000004  mc_w.l(entry5.o)
    0x08000194   0x08000194   0x00000000   Code   RO         6873    .ARM.Collect$$$$00000008  mc_w.l(entry7b.o)
    0x08000194   0x08000194   0x00000000   Code   RO         6875    .ARM.Collect$$$$0000000A  mc_w.l(entry8b.o)
    0x08000194   0x08000194   0x00000008   Code   RO         6876    .ARM.Collect$$$$0000000B  mc_w.l(entry9a.o)
    0x0800019c   0x0800019c   0x00000004   Code   RO         6883    .ARM.Collect$$$$0000000E  mc_w.l(entry12b.o)
    0x080001a0   0x080001a0   0x00000000   Code   RO         6878    .ARM.Collect$$$$0000000F  mc_w.l(entry10a.o)
    0x080001a0   0x080001a0   0x00000000   Code   RO         6880    .ARM.Collect$$$$00000011  mc_w.l(entry11a.o)
    0x080001a0   0x080001a0   0x00000004   Code   RO         6869    .ARM.Collect$$$$00002712  mc_w.l(entry2.o)
    0x080001a4   0x080001a4   0x000000de   Code   RO         6764    .emb_text           port.o
    0x08000282   0x08000282   0x00000002   PAD
    0x08000284   0x08000284   0x00000024   Code   RO            4  * .text               startup_stm32l431xx.o
    0x080002a8   0x080002a8   0x00000024   Code   RO         6846    .text               mc_w.l(memcpya.o)
    0x080002cc   0x080002cc   0x00000024   Code   RO         6850    .text               mc_w.l(memseta.o)
    0x080002f0   0x080002f0   0x0000015e   Code   RO         6856    .text               mf_w.l(dadd.o)
    0x0800044e   0x0800044e   0x000000ea   Code   RO         6858    .text               mf_w.l(dmul.o)
    0x08000538   0x08000538   0x000000de   Code   RO         6860    .text               mf_w.l(ddiv.o)
    0x08000616   0x08000616   0x00000022   Code   RO         6862    .text               mf_w.l(dflti.o)
    0x08000638   0x08000638   0x0000001a   Code   RO         6864    .text               mf_w.l(dfltui.o)
    0x08000652   0x08000652   0x00000032   Code   RO         6866    .text               mf_w.l(dfixui.o)
    0x08000684   0x08000684   0x0000001e   Code   RO         6884    .text               mc_w.l(llshl.o)
    0x080006a2   0x080006a2   0x00000020   Code   RO         6886    .text               mc_w.l(llushr.o)
    0x080006c2   0x080006c2   0x00000024   Code   RO         6888    .text               mc_w.l(llsshr.o)
    0x080006e6   0x080006e6   0x00000000   Code   RO         6890    .text               mc_w.l(iusefp.o)
    0x080006e6   0x080006e6   0x000000ba   Code   RO         6891    .text               mf_w.l(depilogue.o)
    0x080007a0   0x080007a0   0x00000024   Code   RO         6893    .text               mc_w.l(init.o)
    0x080007c4   0x080007c4   0x00000068   Code   RO          829    i.ADC_DMAConvCplt   stm32l4xx_hal_adc.o
    0x0800082c   0x0800082c   0x0000001a   Code   RO          830    i.ADC_DMAError      stm32l4xx_hal_adc.o
    0x08000846   0x08000846   0x0000000a   Code   RO          831    i.ADC_DMAHalfConvCplt  stm32l4xx_hal_adc.o
    0x08000850   0x08000850   0x00000068   Code   RO          833    i.ADC_Enable        stm32l4xx_hal_adc.o
    0x080008b8   0x080008b8   0x00000002   Code   RO          255    i.BusFault_Handler  stm32l4xx_it.o
    0x080008ba   0x080008ba   0x00000002   PAD
    0x080008bc   0x080008bc   0x0000000c   Code   RO          256    i.DMA1_Channel1_IRQHandler  stm32l4xx_it.o
    0x080008c8   0x080008c8   0x0000002e   Code   RO         2538    i.DMA_SetConfig     stm32l4xx_hal_dma.o
    0x080008f6   0x080008f6   0x00000002   Code   RO          257    i.DebugMon_Handler  stm32l4xx_it.o
    0x080008f8   0x080008f8   0x00000004   Code   RO          755    i.Error_Handler     error.o
    0x080008fc   0x080008fc   0x000003f2   Code   RO          835    i.HAL_ADC_ConfigChannel  stm32l4xx_hal_adc.o
    0x08000cee   0x08000cee   0x00000002   Code   RO          836    i.HAL_ADC_ConvCpltCallback  stm32l4xx_hal_adc.o
    0x08000cf0   0x08000cf0   0x00000002   Code   RO          837    i.HAL_ADC_ConvHalfCpltCallback  stm32l4xx_hal_adc.o
    0x08000cf2   0x08000cf2   0x00000002   Code   RO          839    i.HAL_ADC_ErrorCallback  stm32l4xx_hal_adc.o
    0x08000cf4   0x08000cf4   0x000001ac   Code   RO          844    i.HAL_ADC_Init      stm32l4xx_hal_adc.o
    0x08000ea0   0x08000ea0   0x000000b0   Code   RO          343    i.HAL_ADC_MspInit   stm32l4xx_hal_msp.o
    0x08000f50   0x08000f50   0x000000b4   Code   RO          851    i.HAL_ADC_Start_DMA  stm32l4xx_hal_adc.o
    0x08001004   0x08001004   0x0000011a   Code   RO         3167    i.HAL_DAC_ConfigChannel  stm32l4xx_hal_dac.o
    0x0800111e   0x0800111e   0x00000028   Code   RO         3177    i.HAL_DAC_Init      stm32l4xx_hal_dac.o
    0x08001146   0x08001146   0x00000002   PAD
    0x08001148   0x08001148   0x0000005c   Code   RO          345    i.HAL_DAC_MspInit   stm32l4xx_hal_msp.o
    0x080011a4   0x080011a4   0x0000001a   Code   RO         3180    i.HAL_DAC_SetValue  stm32l4xx_hal_dac.o
    0x080011be   0x080011be   0x00000058   Code   RO         3181    i.HAL_DAC_Start     stm32l4xx_hal_dac.o
    0x08001216   0x08001216   0x000000ba   Code   RO         2544    i.HAL_DMA_IRQHandler  stm32l4xx_hal_dma.o
    0x080012d0   0x080012d0   0x000000c0   Code   RO         2545    i.HAL_DMA_Init      stm32l4xx_hal_dma.o
    0x08001390   0x08001390   0x00000070   Code   RO         2549    i.HAL_DMA_Start_IT  stm32l4xx_hal_dma.o
    0x08001400   0x08001400   0x00000024   Code   RO         1242    i.HAL_Delay         stm32l4xx_hal.o
    0x08001424   0x08001424   0x000001be   Code   RO         2475    i.HAL_GPIO_Init     stm32l4xx_hal_gpio.o
    0x080015e2   0x080015e2   0x0000000a   Code   RO         2477    i.HAL_GPIO_ReadPin  stm32l4xx_hal_gpio.o
    0x080015ec   0x080015ec   0x0000000a   Code   RO         2479    i.HAL_GPIO_WritePin  stm32l4xx_hal_gpio.o
    0x080015f6   0x080015f6   0x00000002   PAD
    0x080015f8   0x080015f8   0x0000000c   Code   RO         1246    i.HAL_GetTick       stm32l4xx_hal.o
    0x08001604   0x08001604   0x00000010   Code   RO         1252    i.HAL_IncTick       stm32l4xx_hal.o
    0x08001614   0x08001614   0x0000001e   Code   RO         1253    i.HAL_Init          stm32l4xx_hal.o
    0x08001632   0x08001632   0x00000002   PAD
    0x08001634   0x08001634   0x00000044   Code   RO         1254    i.HAL_InitTick      stm32l4xx_hal.o
    0x08001678   0x08001678   0x00000034   Code   RO          346    i.HAL_MspInit       stm32l4xx_hal_msp.o
    0x080016ac   0x080016ac   0x0000001a   Code   RO         2962    i.HAL_NVIC_EnableIRQ  stm32l4xx_hal_cortex.o
    0x080016c6   0x080016c6   0x00000002   PAD
    0x080016c8   0x080016c8   0x00000040   Code   RO         2968    i.HAL_NVIC_SetPriority  stm32l4xx_hal_cortex.o
    0x08001708   0x08001708   0x00000024   Code   RO         2969    i.HAL_NVIC_SetPriorityGrouping  stm32l4xx_hal_cortex.o
    0x0800172c   0x0800172c   0x00000068   Code   RO         2766    i.HAL_PWREx_ControlVoltageScaling  stm32l4xx_hal_pwr_ex.o
    0x08001794   0x08001794   0x00000010   Code   RO         2789    i.HAL_PWREx_GetVoltageRange  stm32l4xx_hal_pwr_ex.o
    0x080017a4   0x080017a4   0x000002ba   Code   RO         2108    i.HAL_RCCEx_PeriphCLKConfig  stm32l4xx_hal_rcc_ex.o
    0x08001a5e   0x08001a5e   0x00000002   PAD
    0x08001a60   0x08001a60   0x00000120   Code   RO         1986    i.HAL_RCC_ClockConfig  stm32l4xx_hal_rcc.o
    0x08001b80   0x08001b80   0x000000a4   Code   RO         1994    i.HAL_RCC_GetSysClockFreq  stm32l4xx_hal_rcc.o
    0x08001c24   0x08001c24   0x0000056c   Code   RO         1997    i.HAL_RCC_OscConfig  stm32l4xx_hal_rcc.o
    0x08002190   0x08002190   0x000000ac   Code   RO         3421    i.HAL_SPI_Init      stm32l4xx_hal_spi.o
    0x0800223c   0x0800223c   0x00000064   Code   RO          348    i.HAL_SPI_MspInit   stm32l4xx_hal_msp.o
    0x080022a0   0x080022a0   0x00000184   Code   RO         3429    i.HAL_SPI_Transmit  stm32l4xx_hal_spi.o
    0x08002424   0x08002424   0x00000028   Code   RO         2973    i.HAL_SYSTICK_Config  stm32l4xx_hal_cortex.o
    0x0800244c   0x0800244c   0x00000002   Code   RO         4448    i.HAL_TIMEx_Break2Callback  stm32l4xx_hal_tim_ex.o
    0x0800244e   0x0800244e   0x00000002   Code   RO         4449    i.HAL_TIMEx_BreakCallback  stm32l4xx_hal_tim_ex.o
    0x08002450   0x08002450   0x00000002   Code   RO         4450    i.HAL_TIMEx_CommutCallback  stm32l4xx_hal_tim_ex.o
    0x08002452   0x08002452   0x00000002   PAD
    0x08002454   0x08002454   0x0000006c   Code   RO         4469    i.HAL_TIMEx_MasterConfigSynchronization  stm32l4xx_hal_tim_ex.o
    0x080024c0   0x080024c0   0x00000036   Code   RO         3763    i.HAL_TIM_Base_Init  stm32l4xx_hal_tim.o
    0x080024f6   0x080024f6   0x00000002   PAD
    0x080024f8   0x080024f8   0x00000064   Code   RO          350    i.HAL_TIM_Base_MspInit  stm32l4xx_hal_msp.o
    0x0800255c   0x0800255c   0x0000002c   Code   RO         3768    i.HAL_TIM_Base_Start_IT  stm32l4xx_hal_tim.o
    0x08002588   0x08002588   0x000000dc   Code   RO         3772    i.HAL_TIM_ConfigClockSource  stm32l4xx_hal_tim.o
    0x08002664   0x08002664   0x00000002   Code   RO         3792    i.HAL_TIM_IC_CaptureCallback  stm32l4xx_hal_tim.o
    0x08002666   0x08002666   0x00000184   Code   RO         3806    i.HAL_TIM_IRQHandler  stm32l4xx_hal_tim.o
    0x080027ea   0x080027ea   0x00000002   Code   RO         3809    i.HAL_TIM_OC_DelayElapsedCallback  stm32l4xx_hal_tim.o
    0x080027ec   0x080027ec   0x00000002   Code   RO         3836    i.HAL_TIM_PWM_PulseFinishedCallback  stm32l4xx_hal_tim.o
    0x080027ee   0x080027ee   0x00000002   Code   RO         3844    i.HAL_TIM_PeriodElapsedCallback  stm32l4xx_hal_tim.o
    0x080027f0   0x080027f0   0x00000002   Code   RO         3849    i.HAL_TIM_TriggerCallback  stm32l4xx_hal_tim.o
    0x080027f2   0x080027f2   0x00000002   Code   RO          258    i.HardFault_Handler  stm32l4xx_it.o
    0x080027f4   0x080027f4   0x0000000c   Code   RO          857    i.LL_ADC_GetOffsetChannel  stm32l4xx_hal_adc.o
    0x08002800   0x08002800   0x00000008   Code   RO          858    i.LL_ADC_INJ_IsConversionOngoing  stm32l4xx_hal_adc.o
    0x08002808   0x08002808   0x00000008   Code   RO          859    i.LL_ADC_REG_IsConversionOngoing  stm32l4xx_hal_adc.o
    0x08002810   0x08002810   0x00000010   Code   RO          860    i.LL_ADC_REG_IsTriggerSourceSWStart  stm32l4xx_hal_adc.o
    0x08002820   0x08002820   0x0000001e   Code   RO          862    i.LL_ADC_SetChannelSamplingTime  stm32l4xx_hal_adc.o
    0x0800283e   0x0800283e   0x00000010   Code   RO          863    i.LL_ADC_SetOffsetState  stm32l4xx_hal_adc.o
    0x0800284e   0x0800284e   0x00000002   PAD
    0x08002850   0x08002850   0x000000e4   Code   RO          427    i.MX_ADC1_Init      adc.o
    0x08002934   0x08002934   0x00000048   Code   RO          495    i.MX_DAC1_Init      dac.o
    0x0800297c   0x0800297c   0x0000002c   Code   RO          428    i.MX_DMA_Init       adc.o
    0x080029a8   0x080029a8   0x0000019a   Code   RO          582    i.MX_GPIO_Init      gpio.o
    0x08002b42   0x08002b42   0x00000002   PAD
    0x08002b44   0x08002b44   0x00000054   Code   RO          526    i.MX_SPI1_Init      display.o
    0x08002b98   0x08002b98   0x00000064   Code   RO          644    i.MX_TIM2_Init      timer.o
    0x08002bfc   0x08002bfc   0x00000044   Code   RO          645    i.MX_TIM7_Init      timer.o
    0x08002c40   0x08002c40   0x00000002   Code   RO          259    i.MemManage_Handler  stm32l4xx_it.o
    0x08002c42   0x08002c42   0x00000002   Code   RO          260    i.NMI_Handler       stm32l4xx_it.o
    0x08002c44   0x08002c44   0x0000012c   Code   RO         2112    i.RCCEx_PLLSAI1_Config  stm32l4xx_hal_rcc_ex.o
    0x08002d70   0x08002d70   0x0000007c   Code   RO         1998    i.RCC_SetFlashLatencyFromMSIRange  stm32l4xx_hal_rcc.o
    0x08002dec   0x08002dec   0x00000048   Code   RO         3459    i.SPI_EndRxTxTransaction  stm32l4xx_hal_spi.o
    0x08002e34   0x08002e34   0x00000096   Code   RO         3464    i.SPI_WaitFifoStateUntilTimeout  stm32l4xx_hal_spi.o
    0x08002eca   0x08002eca   0x00000094   Code   RO         3465    i.SPI_WaitFlagStateUntilTimeout  stm32l4xx_hal_spi.o
    0x08002f5e   0x08002f5e   0x00000018   Code   RO          261    i.SysTick_Handler   stm32l4xx_it.o
    0x08002f76   0x08002f76   0x00000096   Code   RO          471    i.SystemClock_Config  clock.o
    0x0800300c   0x0800300c   0x00000044   Code   RO         5158    i.SystemInit        system_stm32l4xx.o
    0x08003050   0x08003050   0x0000011c   Code   RO          262    i.TIM2_IRQHandler   stm32l4xx_it.o
    0x0800316c   0x0800316c   0x0000004c   Code   RO          263    i.TIM7_IRQHandler   stm32l4xx_it.o
    0x080031b8   0x080031b8   0x0000006c   Code   RO         3851    i.TIM_Base_SetConfig  stm32l4xx_hal_tim.o
    0x08003224   0x08003224   0x00000014   Code   RO         3862    i.TIM_ETR_SetConfig  stm32l4xx_hal_tim.o
    0x08003238   0x08003238   0x00000010   Code   RO         3863    i.TIM_ITRx_SetConfig  stm32l4xx_hal_tim.o
    0x08003248   0x08003248   0x00000022   Code   RO         3871    i.TIM_TI1_ConfigInputStage  stm32l4xx_hal_tim.o
    0x0800326a   0x0800326a   0x00000024   Code   RO         3873    i.TIM_TI2_ConfigInputStage  stm32l4xx_hal_tim.o
    0x0800328e   0x0800328e   0x00000010   Code   RO          527    i.TM1620_Init       display.o
    0x0800329e   0x0800329e   0x00000002   PAD
    0x080032a0   0x080032a0   0x00000084   Code   RO          528    i.TM1620_Write      display.o
    0x08003324   0x08003324   0x00000020   Code   RO          529    i.TM1620_Write_8bit  display.o
    0x08003344   0x08003344   0x00000002   Code   RO          264    i.UsageFault_Handler  stm32l4xx_it.o
    0x08003346   0x08003346   0x00000020   Code   RO         2975    i.__NVIC_SetPriority  stm32l4xx_hal_cortex.o
    0x08003366   0x08003366   0x0000000e   Code   RO         6897    i.__scatterload_copy  mc_w.l(handlers.o)
    0x08003374   0x08003374   0x00000002   Code   RO         6898    i.__scatterload_null  mc_w.l(handlers.o)
    0x08003376   0x08003376   0x0000000e   Code   RO         6899    i.__scatterload_zeroinit  mc_w.l(handlers.o)
    0x08003384   0x08003384   0x00000014   Code   RO          583    i.check_current_on  gpio.o
    0x08003398   0x08003398   0x0000001c   Code   RO          584    i.check_oc          gpio.o
    0x080033b4   0x080033b4   0x00000018   Code   RO          585    i.check_select_mode  gpio.o
    0x080033cc   0x080033cc   0x00000016   Code   RO          586    i.check_trigger     gpio.o
    0x080033e2   0x080033e2   0x00000002   PAD
    0x080033e4   0x080033e4   0x000001a6   Code   RO          530    i.display_leds      display.o
    0x0800358a   0x0800358a   0x00000002   PAD
    0x0800358c   0x0800358c   0x000000d0   Code   RO          717    i.feedback_signals  manage_tasks.o
    0x0800365c   0x0800365c   0x00000090   Code   RO           13    i.main              main.o
    0x080036ec   0x080036ec   0x00000034   Code   RO         6285    i.osDelay           cmsis_os2.o
    0x08003720   0x08003720   0x00000034   Code   RO         6299    i.osKernelInitialize  cmsis_os2.o
    0x08003754   0x08003754   0x0000003c   Code   RO         6302    i.osKernelStart     cmsis_os2.o
    0x08003790   0x08003790   0x000000a4   Code   RO         6335    i.osThreadNew       cmsis_os2.o
    0x08003834   0x08003834   0x00000054   Code   RO          496    i.out_preset        dac.o
    0x08003888   0x08003888   0x00000146   Code   RO          767    i.process_ctig      process.o
    0x080039ce   0x080039ce   0x00000002   PAD
    0x080039d0   0x080039d0   0x0000036a   Code   RO          429    i.process_feedback_signals  adc.o
    0x08003d3a   0x08003d3a   0x00000002   PAD
    0x08003d3c   0x08003d3c   0x00000054   Code   RO          718    i.process_gpio      manage_tasks.o
    0x08003d90   0x08003d90   0x000000d8   Code   RO          587    i.process_inputs    gpio.o
    0x08003e68   0x08003e68   0x00000156   Code   RO          768    i.process_tig       process.o
    0x08003fbe   0x08003fbe   0x00000002   PAD
    0x08003fc0   0x08003fc0   0x00000018   Code   RO          719    i.process_welding   manage_tasks.o
    0x08003fd8   0x08003fd8   0x0000005c   Code   RO         5766    i.prvAddCurrentTaskToDelayedList  tasks.o
    0x08004034   0x08004034   0x000000d0   Code   RO         5767    i.prvAddNewTaskToReadyList  tasks.o
    0x08004104   0x08004104   0x00000058   Code   RO         6119    i.prvCheckForValidListAndQueue  timers.o
    0x0800415c   0x0800415c   0x00000026   Code   RO         5363    i.prvCopyDataFromQueue  queue.o
    0x08004182   0x08004182   0x0000006c   Code   RO         5364    i.prvCopyDataToQueue  queue.o
    0x080041ee   0x080041ee   0x00000034   Code   RO         5768    i.prvDeleteTCB      tasks.o
    0x08004222   0x08004222   0x00000002   PAD
    0x08004224   0x08004224   0x00000048   Code   RO         6715    i.prvHeapInit       heap_4.o
    0x0800426c   0x0800426c   0x00000060   Code   RO         5769    i.prvIdleTask       tasks.o
    0x080042cc   0x080042cc   0x00000022   Code   RO         5366    i.prvInitialiseNewQueue  queue.o
    0x080042ee   0x080042ee   0x00000002   PAD
    0x080042f0   0x080042f0   0x000000b6   Code   RO         5770    i.prvInitialiseNewTask  tasks.o
    0x080043a6   0x080043a6   0x00000002   PAD
    0x080043a8   0x080043a8   0x0000004c   Code   RO         6716    i.prvInsertBlockIntoFreeList  heap_4.o
    0x080043f4   0x080043f4   0x00000038   Code   RO         6121    i.prvInsertTimerInActiveList  timers.o
    0x0800442c   0x0800442c   0x0000001c   Code   RO         5367    i.prvIsQueueEmpty   queue.o
    0x08004448   0x08004448   0x000000fc   Code   RO         6122    i.prvProcessReceivedCommands  timers.o
    0x08004544   0x08004544   0x000000c0   Code   RO         6123    i.prvProcessTimerOrBlockTask  timers.o
    0x08004604   0x08004604   0x00000020   Code   RO         5772    i.prvResetNextTaskUnblockTime  tasks.o
    0x08004624   0x08004624   0x00000028   Code   RO         6124    i.prvSampleTimeNow  timers.o
    0x0800464c   0x0800464c   0x0000006c   Code   RO         6125    i.prvSwitchTimerLists  timers.o
    0x080046b8   0x080046b8   0x00000028   Code   RO         6765    i.prvTaskExitError  port.o
    0x080046e0   0x080046e0   0x00000024   Code   RO         6126    i.prvTimerTask      timers.o
    0x08004704   0x08004704   0x0000006a   Code   RO         5368    i.prvUnlockQueue    queue.o
    0x0800476e   0x0800476e   0x00000002   PAD
    0x08004770   0x08004770   0x000000d8   Code   RO         6717    i.pvPortMalloc      heap_4.o
    0x08004848   0x08004848   0x0000002c   Code   RO         6766    i.pxPortInitialiseStack  port.o
    0x08004874   0x08004874   0x00000018   Code   RO          588    i.soft_reset        gpio.o
    0x0800488c   0x0800488c   0x00000026   Code   RO         5323    i.uxListRemove      list.o
    0x080048b2   0x080048b2   0x00000002   PAD
    0x080048b4   0x080048b4   0x00000014   Code   RO         6347    i.vApplicationGetIdleTaskMemory  cmsis_os2.o
    0x080048c8   0x080048c8   0x00000018   Code   RO         6348    i.vApplicationGetTimerTaskMemory  cmsis_os2.o
    0x080048e0   0x080048e0   0x00000016   Code   RO         5324    i.vListInitialise   list.o
    0x080048f6   0x080048f6   0x00000006   Code   RO         5325    i.vListInitialiseItem  list.o
    0x080048fc   0x080048fc   0x00000030   Code   RO         5326    i.vListInsert       list.o
    0x0800492c   0x0800492c   0x00000018   Code   RO         5327    i.vListInsertEnd    list.o
    0x08004944   0x08004944   0x00000040   Code   RO         6768    i.vPortEnterCritical  port.o
    0x08004984   0x08004984   0x00000028   Code   RO         6769    i.vPortExitCritical  port.o
    0x080049ac   0x080049ac   0x0000005c   Code   RO         6718    i.vPortFree         heap_4.o
    0x08004a08   0x08004a08   0x00000024   Code   RO         6770    i.vPortSetupTimerInterrupt  port.o
    0x08004a2c   0x08004a2c   0x00000054   Code   RO         6771    i.vPortValidateInterruptPriority  port.o
    0x08004a80   0x08004a80   0x00000028   Code   RO         5374    i.vQueueAddToRegistry  queue.o
    0x08004aa8   0x08004aa8   0x00000044   Code   RO         5378    i.vQueueWaitForMessageRestricted  queue.o
    0x08004aec   0x08004aec   0x0000004c   Code   RO         5784    i.vTaskDelay        tasks.o
    0x08004b38   0x08004b38   0x00000010   Code   RO         5789    i.vTaskInternalSetTimeOutState  tasks.o
    0x08004b48   0x08004b48   0x0000000c   Code   RO         5790    i.vTaskMissedYield  tasks.o
    0x08004b54   0x08004b54   0x00000030   Code   RO         5792    i.vTaskPlaceOnEventList  tasks.o
    0x08004b84   0x08004b84   0x00000038   Code   RO         5793    i.vTaskPlaceOnEventListRestricted  tasks.o
    0x08004bbc   0x08004bbc   0x00000088   Code   RO         5801    i.vTaskStartScheduler  tasks.o
    0x08004c44   0x08004c44   0x00000010   Code   RO         5803    i.vTaskSuspendAll   tasks.o
    0x08004c54   0x08004c54   0x00000064   Code   RO         5804    i.vTaskSwitchContext  tasks.o
    0x08004cb8   0x08004cb8   0x0000015a   Code   RO          769    i.wait_current_on   process.o
    0x08004e12   0x08004e12   0x00000002   PAD
    0x08004e14   0x08004e14   0x000000f4   Code   RO         6772    i.xPortStartScheduler  port.o
    0x08004f08   0x08004f08   0x0000002c   Code   RO         6773    i.xPortSysTickHandler  port.o
    0x08004f34   0x08004f34   0x00000066   Code   RO         5384    i.xQueueGenericCreateStatic  queue.o
    0x08004f9a   0x08004f9a   0x00000002   PAD
    0x08004f9c   0x08004f9c   0x00000088   Code   RO         5385    i.xQueueGenericReset  queue.o
    0x08005024   0x08005024   0x00000160   Code   RO         5386    i.xQueueGenericSend  queue.o
    0x08005184   0x08005184   0x000000bc   Code   RO         5387    i.xQueueGenericSendFromISR  queue.o
    0x08005240   0x08005240   0x00000138   Code   RO         5396    i.xQueueReceive     queue.o
    0x08005378   0x08005378   0x00000074   Code   RO         5805    i.xTaskCheckForTimeOut  tasks.o
    0x080053ec   0x080053ec   0x00000060   Code   RO         5806    i.xTaskCreate       tasks.o
    0x0800544c   0x0800544c   0x00000056   Code   RO         5807    i.xTaskCreateStatic  tasks.o
    0x080054a2   0x080054a2   0x00000002   PAD
    0x080054a4   0x080054a4   0x0000001c   Code   RO         5811    i.xTaskGetSchedulerState  tasks.o
    0x080054c0   0x080054c0   0x0000000c   Code   RO         5812    i.xTaskGetTickCount  tasks.o
    0x080054cc   0x080054cc   0x000000c8   Code   RO         5814    i.xTaskIncrementTick  tasks.o
    0x08005594   0x08005594   0x00000080   Code   RO         5817    i.xTaskPriorityDisinherit  tasks.o
    0x08005614   0x08005614   0x00000070   Code   RO         5819    i.xTaskRemoveFromEventList  tasks.o
    0x08005684   0x08005684   0x000000c4   Code   RO         5820    i.xTaskResumeAll    tasks.o
    0x08005748   0x08005748   0x00000060   Code   RO         6134    i.xTimerCreateTimerTask  timers.o
    0x080057a8   0x080057a8   0x00000068   Code   RO         6135    i.xTimerGenericCommand  timers.o
    0x08005810   0x08005810   0x00000024   Data   RO           19    .constdata          main.o
    0x08005834   0x08005834   0x00000040   Data   RO         5159    .constdata          system_stm32l4xx.o
    0x08005874   0x08005874   0x0000000c   Data   RO           20    .conststring        main.o
    0x08005880   0x08005880   0x00000020   Data   RO         6895    Region$$Table       anon$$obj.o


    Execution Region RW_IRAM1 (Exec base: 0x20000000, Load base: 0x080058a0, Size: 0x00002720, Max: 0x00010000, ABSOLUTE)

    Exec Addr    Load Addr    Size         Type   Attr      Idx    E Section Name        Object

    0x20000000   0x080058a0   0x0000000c   Data   RW           21    .data               main.o
    0x2000000c   0x080058ac   0x00000010   Data   RW          265    .data               stm32l4xx_it.o
    0x2000001c   0x080058bc   0x0000001c   Data   RW          431    .data               adc.o
    0x20000038   0x080058d8   0x0000001f   Data   RW          532    .data               display.o
    0x20000057   0x080058f7   0x00000009   Data   RW          589    .data               gpio.o
    0x20000060   0x08005900   0x00000004   Data   RW          720    .data               manage_tasks.o
    0x20000064   0x08005904   0x00000010   Data   RW          770    .data               process.o
    0x20000074   0x08005914   0x0000000c   Data   RW         1270    .data               stm32l4xx_hal.o
    0x20000080   0x08005920   0x00000004   Data   RW         5161    .data               system_stm32l4xx.o
    0x20000084   0x08005924   0x0000003c   Data   RW         5823    .data               tasks.o
    0x200000c0   0x08005960   0x00000014   Data   RW         6143    .data               timers.o
    0x200000d4   0x08005974   0x00000004   Data   RW         6350    .data               cmsis_os2.o
    0x200000d8   0x08005978   0x00000018   Data   RW         6723    .data               heap_4.o
    0x200000f0   0x08005990   0x0000000c   Data   RW         6774    .data               port.o
    0x200000fc        -       0x00000064   Zero   RW           14    .bss                main.o
    0x20000160        -       0x00000048   Zero   RW           15    .bss                main.o
    0x200001a8        -       0x00000094   Zero   RW           16    .bss                main.o
    0x2000023c        -       0x00000064   Zero   RW           17    .bss                main.o
    0x200002a0        -       0x00000020   Zero   RW          430    .bss                adc.o
    0x200002c0        -       0x00000040   Zero   RW         5400    .bss                queue.o
    0x20000300        -       0x000004c4   Zero   RW         5822    .bss                tasks.o
    0x200007c4        -       0x00000118   Zero   RW         6142    .bss                timers.o
    0x200008dc        -       0x000006b8   Zero   RW         6349    .bss                cmsis_os2.o
    0x20000f94        -       0x00001388   Zero   RW         6722    .bss                heap_4.o
    0x2000231c   0x0800599c   0x00000004   PAD
    0x20002320        -       0x00000400   Zero   RW            1    STACK               startup_stm32l431xx.o


==============================================================================

Image component sizes


      Code (inc. data)   RO Data    RW Data    ZI Data      Debug   Object Name

      1146         98          0         28         32       4446   adc.o
       150          0          0          0          0        753   clock.o
       372         30          0          4       1720      30686   cmsis_os2.o
       156         24          0          0          0       1252   dac.o
       686         32          0         31          0       4838   display.o
         4          0          0          0          0        480   error.o
         0          0          0          0          0      18472   event_groups.o
       744         52          0          9          0      10478   gpio.o
       456         22          0         24       5000       4951   heap_4.o
       138          0          0          0          0       3726   list.o
       144         24         48         12        420     718482   main.o
       316         62          0          4          0       2138   manage_tasks.o
       818         82          0         12          0      12285   port.o
      1014         86          0         16          0       3028   process.o
      1512         20          0          0         64      17828   queue.o
        36          8        396          0       1024        864   startup_stm32l431xx.o
       162         24          0         12          0       4489   stm32l4xx_hal.o
      1958        100          0          0          0      64849   stm32l4xx_hal_adc.o
       198         14          0          0          0      34127   stm32l4xx_hal_cortex.o
       436          0          0          0          0       3926   stm32l4xx_hal_dac.o
       536         14          0          0          0       3895   stm32l4xx_hal_dma.o
       466         28          0          0          0       3247   stm32l4xx_hal_gpio.o
       520         54          0          0          0       4007   stm32l4xx_hal_msp.o
       120         20          0          0          0       1426   stm32l4xx_hal_pwr_ex.o
      1964         74          0          0          0       5954   stm32l4xx_hal_rcc.o
       998         32          0          0          0       3020   stm32l4xx_hal_rcc_ex.o
       930          0          0          0          0       5638   stm32l4xx_hal_spi.o
       930         24          0          0          0      11005   stm32l4xx_hal_tim.o
       114         10          0          0          0       3212   stm32l4xx_hal_tim_ex.o
       408         76          0         16          0       5721   stm32l4xx_it.o
         0          0          0          0          0        392   stream_buffer.o
        68         12         64          4          0       1297   system_stm32l4xx.o
      2096        170          0         60       1220      27684   tasks.o
       168         12          0          0          0       1246   timer.o
       972         80          0         20        280      32515   timers.o

    ----------------------------------------------------------------------
     20786       1284        540        252       9764    1052357   Object Totals
         0          0         32          0          0          0   (incl. Generated)
        50          0          0          0          4          0   (incl. Padding)

    ----------------------------------------------------------------------

      Code (inc. data)   RO Data    RW Data    ZI Data      Debug   Library Member Name

         0          0          0          0          0          0   entry.o
         0          0          0          0          0          0   entry10a.o
         0          0          0          0          0          0   entry11a.o
         4          0          0          0          0          0   entry12b.o
         8          4          0          0          0          0   entry2.o
         4          0          0          0          0          0   entry5.o
         0          0          0          0          0          0   entry7b.o
         0          0          0          0          0          0   entry8b.o
         8          4          0          0          0          0   entry9a.o
        30          0          0          0          0          0   handlers.o
        36          8          0          0          0         68   init.o
         0          0          0          0          0          0   iusefp.o
        30          0          0          0          0         68   llshl.o
        36          0          0          0          0         68   llsshr.o
        32          0          0          0          0         68   llushr.o
        36          0          0          0          0         68   memcpya.o
        36          0          0          0          0        108   memseta.o
       350          0          0          0          0        148   dadd.o
       222          0          0          0          0        100   ddiv.o
       186          0          0          0          0        176   depilogue.o
        50          0          0          0          0         76   dfixui.o
        34          0          0          0          0         76   dflti.o
        26          0          0          0          0         76   dfltui.o
       234          0          0          0          0         96   dmul.o

    ----------------------------------------------------------------------
      1362         16          0          0          0       1196   Library Totals
         0          0          0          0          0          0   (incl. Padding)

    ----------------------------------------------------------------------

      Code (inc. data)   RO Data    RW Data    ZI Data      Debug   Library Name

       260         16          0          0          0        448   mc_w.l
      1102          0          0          0          0        748   mf_w.l

    ----------------------------------------------------------------------
      1362         16          0          0          0       1196   Library Totals

    ----------------------------------------------------------------------

==============================================================================


      Code (inc. data)   RO Data    RW Data    ZI Data      Debug   

     22148       1300        540        252       9764    1035885   Grand Totals
     22148       1300        540        252       9764    1035885   ELF Image Totals
     22148       1300        540        252          0          0   ROM Totals

==============================================================================

    Total RO  Size (Code + RO Data)                22688 (  22.16kB)
    Total RW  Size (RW Data + ZI Data)             10016 (   9.78kB)
    Total ROM Size (Code + RO Data + RW Data)      22940 (  22.40kB)

==============================================================================

